[0.262s] Invoking command in '/home/jkw/bopt_ws/src/bopt_controller': PYTHONPATH=/home/jkw/bopt_ws/build/bopt_controller/prefix_override:/usr/lib/python3/dist-packages/colcon_core/task/python/colcon_distutils_commands:/home/jkw/bopt_ws/install/bopt_controller/lib/python3.10/site-packages:${PYTHONPATH} /usr/bin/python3 -W ignore:setup.py install is deprecated -W ignore:easy_install command is deprecated setup.py egg_info --egg-base ../../build/bopt_controller build --build-base /home/jkw/bopt_ws/build/bopt_controller/build install --record /home/jkw/bopt_ws/build/bopt_controller/install.log --single-version-externally-managed install_data
[0.353s] running egg_info
[0.353s] creating ../../build/bopt_controller/bopt_controller.egg-info
[0.353s] writing ../../build/bopt_controller/bopt_controller.egg-info/PKG-INFO
[0.353s] writing dependency_links to ../../build/bopt_controller/bopt_controller.egg-info/dependency_links.txt
[0.353s] writing entry points to ../../build/bopt_controller/bopt_controller.egg-info/entry_points.txt
[0.353s] writing requirements to ../../build/bopt_controller/bopt_controller.egg-info/requires.txt
[0.353s] writing top-level names to ../../build/bopt_controller/bopt_controller.egg-info/top_level.txt
[0.353s] writing manifest file '../../build/bopt_controller/bopt_controller.egg-info/SOURCES.txt'
[0.354s] reading manifest file '../../build/bopt_controller/bopt_controller.egg-info/SOURCES.txt'
[0.354s] writing manifest file '../../build/bopt_controller/bopt_controller.egg-info/SOURCES.txt'
[0.354s] running build
[0.354s] running build_py
[0.354s] creating /home/jkw/bopt_ws/build/bopt_controller/build
[0.354s] creating /home/jkw/bopt_ws/build/bopt_controller/build/lib
[0.354s] creating /home/jkw/bopt_ws/build/bopt_controller/build/lib/bopt_controller
[0.355s] copying bopt_controller/teleop_keyboard.py -> /home/jkw/bopt_ws/build/bopt_controller/build/lib/bopt_controller
[0.355s] copying bopt_controller/robot_controller_node.py -> /home/jkw/bopt_ws/build/bopt_controller/build/lib/bopt_controller
[0.355s] copying bopt_controller/__init__.py -> /home/jkw/bopt_ws/build/bopt_controller/build/lib/bopt_controller
[0.355s] running install
[0.355s] running install_lib
[0.355s] creating /home/jkw/bopt_ws/install/bopt_controller/lib/python3.10/site-packages/bopt_controller
[0.355s] copying /home/jkw/bopt_ws/build/bopt_controller/build/lib/bopt_controller/teleop_keyboard.py -> /home/jkw/bopt_ws/install/bopt_controller/lib/python3.10/site-packages/bopt_controller
[0.355s] copying /home/jkw/bopt_ws/build/bopt_controller/build/lib/bopt_controller/robot_controller_node.py -> /home/jkw/bopt_ws/install/bopt_controller/lib/python3.10/site-packages/bopt_controller
[0.355s] copying /home/jkw/bopt_ws/build/bopt_controller/build/lib/bopt_controller/__init__.py -> /home/jkw/bopt_ws/install/bopt_controller/lib/python3.10/site-packages/bopt_controller
[0.355s] byte-compiling /home/jkw/bopt_ws/install/bopt_controller/lib/python3.10/site-packages/bopt_controller/teleop_keyboard.py to teleop_keyboard.cpython-310.pyc
[0.356s] byte-compiling /home/jkw/bopt_ws/install/bopt_controller/lib/python3.10/site-packages/bopt_controller/robot_controller_node.py to robot_controller_node.cpython-310.pyc
[0.356s] byte-compiling /home/jkw/bopt_ws/install/bopt_controller/lib/python3.10/site-packages/bopt_controller/__init__.py to __init__.cpython-310.pyc
[0.356s] running install_data
[0.356s] creating /home/jkw/bopt_ws/install/bopt_controller/share/ament_index
[0.356s] creating /home/jkw/bopt_ws/install/bopt_controller/share/ament_index/resource_index
[0.356s] creating /home/jkw/bopt_ws/install/bopt_controller/share/ament_index/resource_index/packages
[0.356s] copying resource/bopt_controller -> /home/jkw/bopt_ws/install/bopt_controller/share/ament_index/resource_index/packages
[0.356s] copying package.xml -> /home/jkw/bopt_ws/install/bopt_controller/share/bopt_controller
[0.356s] creating /home/jkw/bopt_ws/install/bopt_controller/share/bopt_controller/launch
[0.356s] copying launch/teleop.launch.py -> /home/jkw/bopt_ws/install/bopt_controller/share/bopt_controller/launch
[0.356s] copying launch/controller.launch.py -> /home/jkw/bopt_ws/install/bopt_controller/share/bopt_controller/launch
[0.356s] creating /home/jkw/bopt_ws/install/bopt_controller/share/bopt_controller/config
[0.356s] running install_egg_info
[0.357s] Copying ../../build/bopt_controller/bopt_controller.egg-info to /home/jkw/bopt_ws/install/bopt_controller/lib/python3.10/site-packages/bopt_controller-0.0.1-py3.10.egg-info
[0.357s] running install_scripts
[0.366s] Installing robot_controller script to /home/jkw/bopt_ws/install/bopt_controller/bin
[0.366s] Installing teleop_keyboard script to /home/jkw/bopt_ws/install/bopt_controller/bin
[0.366s] writing list of installed files to '/home/jkw/bopt_ws/build/bopt_controller/install.log'
[0.377s] Invoked command in '/home/jkw/bopt_ws/src/bopt_controller' returned '0': PYTHONPATH=/home/jkw/bopt_ws/build/bopt_controller/prefix_override:/usr/lib/python3/dist-packages/colcon_core/task/python/colcon_distutils_commands:/home/jkw/bopt_ws/install/bopt_controller/lib/python3.10/site-packages:${PYTHONPATH} /usr/bin/python3 -W ignore:setup.py install is deprecated -W ignore:easy_install command is deprecated setup.py egg_info --egg-base ../../build/bopt_controller build --build-base /home/jkw/bopt_ws/build/bopt_controller/build install --record /home/jkw/bopt_ws/build/bopt_controller/install.log --single-version-externally-managed install_data
