/home/jkw/bopt_ws/install/bopt_controller/lib/python3.10/site-packages/bopt_controller/teleop_keyboard.py
/home/jkw/bopt_ws/install/bopt_controller/lib/python3.10/site-packages/bopt_controller/robot_controller_node.py
/home/jkw/bopt_ws/install/bopt_controller/lib/python3.10/site-packages/bopt_controller/__init__.py
/home/jkw/bopt_ws/install/bopt_controller/lib/python3.10/site-packages/bopt_controller/__pycache__/teleop_keyboard.cpython-310.pyc
/home/jkw/bopt_ws/install/bopt_controller/lib/python3.10/site-packages/bopt_controller/__pycache__/robot_controller_node.cpython-310.pyc
/home/jkw/bopt_ws/install/bopt_controller/lib/python3.10/site-packages/bopt_controller/__pycache__/__init__.cpython-310.pyc
/home/jkw/bopt_ws/install/bopt_controller/share/ament_index/resource_index/packages/bopt_controller
/home/jkw/bopt_ws/install/bopt_controller/share/bopt_controller/package.xml
/home/jkw/bopt_ws/install/bopt_controller/share/bopt_controller/launch/teleop.launch.py
/home/jkw/bopt_ws/install/bopt_controller/share/bopt_controller/launch/controller.launch.py
/home/jkw/bopt_ws/install/bopt_controller/share/bopt_controller/config
/home/jkw/bopt_ws/install/bopt_controller/lib/python3.10/site-packages/bopt_controller-0.0.1-py3.10.egg-info/top_level.txt
/home/jkw/bopt_ws/install/bopt_controller/lib/python3.10/site-packages/bopt_controller-0.0.1-py3.10.egg-info/SOURCES.txt
/home/jkw/bopt_ws/install/bopt_controller/lib/python3.10/site-packages/bopt_controller-0.0.1-py3.10.egg-info/entry_points.txt
/home/jkw/bopt_ws/install/bopt_controller/lib/python3.10/site-packages/bopt_controller-0.0.1-py3.10.egg-info/requires.txt
/home/jkw/bopt_ws/install/bopt_controller/lib/python3.10/site-packages/bopt_controller-0.0.1-py3.10.egg-info/dependency_links.txt
/home/jkw/bopt_ws/install/bopt_controller/lib/python3.10/site-packages/bopt_controller-0.0.1-py3.10.egg-info/PKG-INFO
/home/jkw/bopt_ws/install/bopt_controller/lib/python3.10/site-packages/bopt_controller-0.0.1-py3.10.egg-info/zip-safe
/home/jkw/bopt_ws/install/bopt_controller/lib/bopt_controller/robot_controller
/home/jkw/bopt_ws/install/bopt_controller/lib/bopt_controller/teleop_keyboard
