[0.005s] Invoking command in '/home/jkw/bopt_ws/build/bopt_description': CMAKE_PREFIX_PATH=${CMAKE_PREFIX_PATH}:/opt/ros/humble /usr/bin/cmake --build /home/jkw/bopt_ws/build/bopt_description -- -j32 -l32
[0.021s] Invoked command in '/home/jkw/bopt_ws/build/bopt_description' returned '0': CMAKE_PREFIX_PATH=${CMAKE_PREFIX_PATH}:/opt/ros/humble /usr/bin/cmake --build /home/jkw/bopt_ws/build/bopt_description -- -j32 -l32
[0.025s] Invoking command in '/home/jkw/bopt_ws/build/bopt_description': CMAKE_PREFIX_PATH=${CMAKE_PREFIX_PATH}:/opt/ros/humble /usr/bin/cmake --install /home/jkw/bopt_ws/build/bopt_description
[0.028s] -- Install configuration: ""
[0.028s] -- Execute custom install script
[0.028s] -- Up-to-date symlink: /home/jkw/bopt_ws/install/bopt_description/share/bopt_description/launch/display.launch.py
[0.028s] -- Up-to-date symlink: /home/jkw/bopt_ws/install/bopt_description/share/bopt_description/launch/gazebo.launch.py
[0.028s] -- Up-to-date symlink: /home/jkw/bopt_ws/install/bopt_description/share/bopt_description/launch/simulation.launch.py
[0.028s] -- Up-to-date symlink: /home/jkw/bopt_ws/install/bopt_description/share/bopt_description/urdf/materials.xacro
[0.028s] -- Up-to-date symlink: /home/jkw/bopt_ws/install/bopt_description/share/bopt_description/urdf/robot.urdf.xacro
[0.029s] -- Up-to-date symlink: /home/jkw/bopt_ws/install/bopt_description/share/bopt_description/meshes/visual/3Dlidar.stl
[0.029s] -- Up-to-date symlink: /home/jkw/bopt_ws/install/bopt_description/share/bopt_description/meshes/visual/Base.stl
[0.029s] -- Up-to-date symlink: /home/jkw/bopt_ws/install/bopt_description/share/bopt_description/meshes/visual/Fork_with_base.STL
[0.029s] -- Up-to-date symlink: /home/jkw/bopt_ws/install/bopt_description/share/bopt_description/meshes/visual/casster_wheel.stl
[0.029s] -- Up-to-date symlink: /home/jkw/bopt_ws/install/bopt_description/share/bopt_description/meshes/visual/caster_wheel_ass.stl
[0.029s] -- Up-to-date symlink: /home/jkw/bopt_ws/install/bopt_description/share/bopt_description/meshes/visual/drive_wheel.stl
[0.029s] -- Up-to-date symlink: /home/jkw/bopt_ws/install/bopt_description/share/bopt_description/meshes/visual/drive_wheel_ass.stl
[0.029s] -- Up-to-date symlink: /home/jkw/bopt_ws/install/bopt_description/share/bopt_description/meshes/visual/front.stl
[0.029s] -- Up-to-date symlink: /home/jkw/bopt_ws/install/bopt_description/share/bopt_description/meshes/visual/front_socket.stl
[0.029s] -- Up-to-date symlink: /home/jkw/bopt_ws/install/bopt_description/share/bopt_description/meshes/visual/front_wheel.stl
[0.029s] -- Up-to-date symlink: /home/jkw/bopt_ws/install/bopt_description/share/bopt_description/meshes/visual/front_wheel_shaft.stl
[0.029s] -- Up-to-date symlink: /home/jkw/bopt_ws/install/bopt_description/share/bopt_description/meshes/visual/lidar19.stl
[0.029s] -- Up-to-date symlink: /home/jkw/bopt_ws/install/bopt_description/share/bopt_description/rviz/display.rviz
[0.029s] -- Up-to-date symlink: /home/jkw/bopt_ws/install/bopt_description/share/bopt_description/config/controllers.yaml
[0.029s] -- Up-to-date symlink: /home/jkw/bopt_ws/install/bopt_description/share/bopt_description/worlds/empty.world
[0.029s] CMake Error at ament_cmake_symlink_install/ament_cmake_symlink_install.cmake:209 (message):
[0.029s]   ament_cmake_symlink_install_programs() can't find
[0.029s]   '/home/jkw/bopt_ws/src/bopt_description/scripts/bopt_controller.py'
[0.029s] Call Stack (most recent call first):
[0.029s]   ament_cmake_symlink_install/ament_cmake_symlink_install.cmake:322 (ament_cmake_symlink_install_programs)
[0.029s]   cmake_install.cmake:46 (include)
[0.029s] 
[0.029s] 
[0.030s] Invoked command in '/home/jkw/bopt_ws/build/bopt_description' returned '1': CMAKE_PREFIX_PATH=${CMAKE_PREFIX_PATH}:/opt/ros/humble /usr/bin/cmake --install /home/jkw/bopt_ws/build/bopt_description
