running develop
running egg_info
creating bopt_controller.egg-info
writing bopt_controller.egg-info/PKG-INFO
writing dependency_links to bopt_controller.egg-info/dependency_links.txt
writing entry points to bopt_controller.egg-info/entry_points.txt
writing requirements to bopt_controller.egg-info/requires.txt
writing top-level names to bopt_controller.egg-info/top_level.txt
writing manifest file 'bopt_controller.egg-info/SOURCES.txt'
reading manifest file 'bopt_controller.egg-info/SOURCES.txt'
writing manifest file 'bopt_controller.egg-info/SOURCES.txt'
running build_ext
Creating /home/jkw/bopt_ws/install/bopt_controller/lib/python3.10/site-packages/bopt-controller.egg-link (link to .)

Installed /home/jkw/bopt_ws/build/bopt_controller
running symlink_data
creating /home/jkw/bopt_ws/install/bopt_controller/share/ament_index
creating /home/jkw/bopt_ws/install/bopt_controller/share/ament_index/resource_index
creating /home/jkw/bopt_ws/install/bopt_controller/share/ament_index/resource_index/packages
symbolically linking /home/jkw/bopt_ws/build/bopt_controller/resource/bopt_controller -> /home/jkw/bopt_ws/install/bopt_controller/share/ament_index/resource_index/packages
symbolically linking /home/jkw/bopt_ws/build/bopt_controller/package.xml -> /home/jkw/bopt_ws/install/bopt_controller/share/bopt_controller
