[0.367s] Invoking command in '/home/jkw/bopt_ws/build/bopt_controller': PYTHONPATH=/home/jkw/bopt_ws/build/bopt_controller/prefix_override:/usr/lib/python3/dist-packages/colcon_core/task/python/colcon_distutils_commands:/home/jkw/bopt_ws/install/bopt_controller/lib/python3.10/site-packages:${PYTHONPATH} /usr/bin/python3 -W ignore:setup.py install is deprecated -W ignore:easy_install command is deprecated setup.py develop --editable --build-directory /home/jkw/bopt_ws/build/bopt_controller/build --no-deps symlink_data
[0.472s] running develop
[0.532s] running egg_info
[0.532s] creating bopt_controller.egg-info
[0.532s] writing bopt_controller.egg-info/PKG-INFO
[0.532s] writing dependency_links to bopt_controller.egg-info/dependency_links.txt
[0.532s] writing entry points to bopt_controller.egg-info/entry_points.txt
[0.532s] writing requirements to bopt_controller.egg-info/requires.txt
[0.532s] writing top-level names to bopt_controller.egg-info/top_level.txt
[0.532s] writing manifest file 'bopt_controller.egg-info/SOURCES.txt'
[0.533s] reading manifest file 'bopt_controller.egg-info/SOURCES.txt'
[0.533s] writing manifest file 'bopt_controller.egg-info/SOURCES.txt'
[0.534s] running build_ext
[0.534s] Creating /home/jkw/bopt_ws/install/bopt_controller/lib/python3.10/site-packages/bopt-controller.egg-link (link to .)
[0.534s] 
[0.534s] Installed /home/jkw/bopt_ws/build/bopt_controller
[0.534s] running symlink_data
[0.534s] creating /home/jkw/bopt_ws/install/bopt_controller/share/ament_index
[0.534s] creating /home/jkw/bopt_ws/install/bopt_controller/share/ament_index/resource_index
[0.534s] creating /home/jkw/bopt_ws/install/bopt_controller/share/ament_index/resource_index/packages
[0.534s] symbolically linking /home/jkw/bopt_ws/build/bopt_controller/resource/bopt_controller -> /home/jkw/bopt_ws/install/bopt_controller/share/ament_index/resource_index/packages
[0.534s] symbolically linking /home/jkw/bopt_ws/build/bopt_controller/package.xml -> /home/jkw/bopt_ws/install/bopt_controller/share/bopt_controller
[0.545s] Invoked command in '/home/jkw/bopt_ws/build/bopt_controller' returned '0': PYTHONPATH=/home/jkw/bopt_ws/build/bopt_controller/prefix_override:/usr/lib/python3/dist-packages/colcon_core/task/python/colcon_distutils_commands:/home/jkw/bopt_ws/install/bopt_controller/lib/python3.10/site-packages:${PYTHONPATH} /usr/bin/python3 -W ignore:setup.py install is deprecated -W ignore:easy_install command is deprecated setup.py develop --editable --build-directory /home/jkw/bopt_ws/build/bopt_controller/build --no-deps symlink_data
