[0.040s] DEBUG:colcon:Command line arguments: ['/usr/bin/colcon', 'build', '--symlink-install']
[0.040s] DEBUG:colcon:Parsed command line arguments: Namespace(log_base=None, log_level=None, verb_name='build', build_base='build', install_base='install', merge_install=False, symlink_install=True, test_result_base=None, continue_on_error=False, executor='parallel', parallel_workers=32, event_handlers=None, ignore_user_meta=False, metas=['./colcon.meta'], base_paths=['.'], packages_ignore=None, packages_ignore_regex=None, paths=None, packages_up_to=None, packages_up_to_regex=None, packages_above=None, packages_above_and_dependencies=None, packages_above_depth=None, packages_select_by_dep=None, packages_skip_by_dep=None, packages_skip_up_to=None, packages_select_build_failed=False, packages_skip_build_finished=False, packages_select_test_failures=False, packages_skip_test_passed=False, packages_select=None, packages_skip=None, packages_select_regex=None, packages_skip_regex=None, packages_start=None, packages_end=None, allow_overriding=[], cmake_args=None, cmake_target=None, cmake_target_skip_unavailable=False, cmake_clean_cache=False, cmake_clean_first=False, cmake_force_configure=False, ament_cmake_args=None, catkin_cmake_args=None, catkin_skip_building_tests=False, mixin_files=None, mixin=None, verb_parser=<colcon_mixin.mixin.mixin_argument.MixinArgumentDecorator object at 0x70dc90094040>, verb_extension=<colcon_core.verb.build.BuildVerb object at 0x70dc9019d900>, main=<bound method BuildVerb.main of <colcon_core.verb.build.BuildVerb object at 0x70dc9019d900>>, mixin_verb=('build',))
[0.104s] Level 1:colcon.colcon_core.package_discovery:discover_packages(colcon_meta) check parameters
[0.104s] Level 1:colcon.colcon_core.package_discovery:discover_packages(recursive) check parameters
[0.104s] Level 1:colcon.colcon_core.package_discovery:discover_packages(ignore) check parameters
[0.104s] Level 1:colcon.colcon_core.package_discovery:discover_packages(path) check parameters
[0.104s] Level 1:colcon.colcon_core.package_discovery:discover_packages(colcon_meta) discover
[0.104s] Level 1:colcon.colcon_core.package_discovery:discover_packages(recursive) discover
[0.104s] INFO:colcon.colcon_core.package_discovery:Crawling recursively for packages in '/home/jkw/bopt_ws'
[0.104s] Level 1:colcon.colcon_core.package_identification:_identify(.) by extensions ['ignore', 'ignore_ament_install']
[0.104s] Level 1:colcon.colcon_core.package_identification:_identify(.) by extension 'ignore'
[0.104s] Level 1:colcon.colcon_core.package_identification:_identify(.) by extension 'ignore_ament_install'
[0.104s] Level 1:colcon.colcon_core.package_identification:_identify(.) by extensions ['colcon_pkg']
[0.104s] Level 1:colcon.colcon_core.package_identification:_identify(.) by extension 'colcon_pkg'
[0.104s] Level 1:colcon.colcon_core.package_identification:_identify(.) by extensions ['colcon_meta']
[0.104s] Level 1:colcon.colcon_core.package_identification:_identify(.) by extension 'colcon_meta'
[0.104s] Level 1:colcon.colcon_core.package_identification:_identify(.) by extensions ['ros']
[0.104s] Level 1:colcon.colcon_core.package_identification:_identify(.) by extension 'ros'
[0.113s] Level 1:colcon.colcon_core.package_identification:_identify(.) by extensions ['cmake', 'python']
[0.113s] Level 1:colcon.colcon_core.package_identification:_identify(.) by extension 'cmake'
[0.113s] Level 1:colcon.colcon_core.package_identification:_identify(.) by extension 'python'
[0.113s] Level 1:colcon.colcon_core.package_identification:_identify(.) by extensions ['python_setup_py']
[0.113s] Level 1:colcon.colcon_core.package_identification:_identify(.) by extension 'python_setup_py'
[0.113s] Level 1:colcon.colcon_core.package_identification:_identify(build) by extensions ['ignore', 'ignore_ament_install']
[0.113s] Level 1:colcon.colcon_core.package_identification:_identify(build) by extension 'ignore'
[0.113s] Level 1:colcon.colcon_core.package_identification:_identify(build) ignored
[0.113s] Level 1:colcon.colcon_core.package_identification:_identify(install) by extensions ['ignore', 'ignore_ament_install']
[0.113s] Level 1:colcon.colcon_core.package_identification:_identify(install) by extension 'ignore'
[0.113s] Level 1:colcon.colcon_core.package_identification:_identify(install) ignored
[0.113s] Level 1:colcon.colcon_core.package_identification:_identify(log) by extensions ['ignore', 'ignore_ament_install']
[0.113s] Level 1:colcon.colcon_core.package_identification:_identify(log) by extension 'ignore'
[0.113s] Level 1:colcon.colcon_core.package_identification:_identify(log) ignored
[0.113s] Level 1:colcon.colcon_core.package_identification:_identify(src) by extensions ['ignore', 'ignore_ament_install']
[0.113s] Level 1:colcon.colcon_core.package_identification:_identify(src) by extension 'ignore'
[0.113s] Level 1:colcon.colcon_core.package_identification:_identify(src) by extension 'ignore_ament_install'
[0.113s] Level 1:colcon.colcon_core.package_identification:_identify(src) by extensions ['colcon_pkg']
[0.113s] Level 1:colcon.colcon_core.package_identification:_identify(src) by extension 'colcon_pkg'
[0.113s] Level 1:colcon.colcon_core.package_identification:_identify(src) by extensions ['colcon_meta']
[0.113s] Level 1:colcon.colcon_core.package_identification:_identify(src) by extension 'colcon_meta'
[0.113s] Level 1:colcon.colcon_core.package_identification:_identify(src) by extensions ['ros']
[0.113s] Level 1:colcon.colcon_core.package_identification:_identify(src) by extension 'ros'
[0.113s] Level 1:colcon.colcon_core.package_identification:_identify(src) by extensions ['cmake', 'python']
[0.113s] Level 1:colcon.colcon_core.package_identification:_identify(src) by extension 'cmake'
[0.114s] Level 1:colcon.colcon_core.package_identification:_identify(src) by extension 'python'
[0.114s] Level 1:colcon.colcon_core.package_identification:_identify(src) by extensions ['python_setup_py']
[0.114s] Level 1:colcon.colcon_core.package_identification:_identify(src) by extension 'python_setup_py'
[0.114s] Level 1:colcon.colcon_core.package_identification:_identify(src/bopt_controller) by extensions ['ignore', 'ignore_ament_install']
[0.114s] Level 1:colcon.colcon_core.package_identification:_identify(src/bopt_controller) by extension 'ignore'
[0.114s] Level 1:colcon.colcon_core.package_identification:_identify(src/bopt_controller) by extension 'ignore_ament_install'
[0.114s] Level 1:colcon.colcon_core.package_identification:_identify(src/bopt_controller) by extensions ['colcon_pkg']
[0.114s] Level 1:colcon.colcon_core.package_identification:_identify(src/bopt_controller) by extension 'colcon_pkg'
[0.114s] Level 1:colcon.colcon_core.package_identification:_identify(src/bopt_controller) by extensions ['colcon_meta']
[0.114s] Level 1:colcon.colcon_core.package_identification:_identify(src/bopt_controller) by extension 'colcon_meta'
[0.114s] Level 1:colcon.colcon_core.package_identification:_identify(src/bopt_controller) by extensions ['ros']
[0.114s] Level 1:colcon.colcon_core.package_identification:_identify(src/bopt_controller) by extension 'ros'
[0.115s] DEBUG:colcon.colcon_core.package_identification:Package 'src/bopt_controller' with type 'ros.ament_python' and name 'bopt_controller'
[0.115s] Level 1:colcon.colcon_core.package_identification:_identify(src/bopt_description) by extensions ['ignore', 'ignore_ament_install']
[0.115s] Level 1:colcon.colcon_core.package_identification:_identify(src/bopt_description) by extension 'ignore'
[0.115s] Level 1:colcon.colcon_core.package_identification:_identify(src/bopt_description) by extension 'ignore_ament_install'
[0.115s] Level 1:colcon.colcon_core.package_identification:_identify(src/bopt_description) by extensions ['colcon_pkg']
[0.115s] Level 1:colcon.colcon_core.package_identification:_identify(src/bopt_description) by extension 'colcon_pkg'
[0.115s] Level 1:colcon.colcon_core.package_identification:_identify(src/bopt_description) by extensions ['colcon_meta']
[0.115s] Level 1:colcon.colcon_core.package_identification:_identify(src/bopt_description) by extension 'colcon_meta'
[0.115s] Level 1:colcon.colcon_core.package_identification:_identify(src/bopt_description) by extensions ['ros']
[0.115s] Level 1:colcon.colcon_core.package_identification:_identify(src/bopt_description) by extension 'ros'
[0.115s] DEBUG:colcon.colcon_core.package_identification:Package 'src/bopt_description' with type 'ros.ament_cmake' and name 'bopt_description'
[0.115s] Level 1:colcon.colcon_core.package_discovery:discover_packages(recursive) using defaults
[0.115s] Level 1:colcon.colcon_core.package_discovery:discover_packages(ignore) discover
[0.115s] Level 1:colcon.colcon_core.package_discovery:discover_packages(ignore) using defaults
[0.115s] Level 1:colcon.colcon_core.package_discovery:discover_packages(path) discover
[0.115s] Level 1:colcon.colcon_core.package_discovery:discover_packages(path) using defaults
[0.124s] Level 1:colcon.colcon_core.package_discovery:discover_packages(prefix_path) check parameters
[0.124s] Level 1:colcon.colcon_core.package_discovery:discover_packages(prefix_path) discover
[0.124s] DEBUG:colcon.colcon_installed_package_information.package_discovery:Found 2 installed packages in /home/jkw/bopt_ws/install
[0.125s] DEBUG:colcon.colcon_installed_package_information.package_discovery:Found 394 installed packages in /opt/ros/humble
[0.126s] Level 1:colcon.colcon_core.package_discovery:discover_packages(prefix_path) using defaults
[0.142s] Level 5:colcon.colcon_core.verb:set package 'bopt_controller' build argument 'cmake_args' from command line to 'None'
[0.142s] Level 5:colcon.colcon_core.verb:set package 'bopt_controller' build argument 'cmake_target' from command line to 'None'
[0.142s] Level 5:colcon.colcon_core.verb:set package 'bopt_controller' build argument 'cmake_target_skip_unavailable' from command line to 'False'
[0.142s] Level 5:colcon.colcon_core.verb:set package 'bopt_controller' build argument 'cmake_clean_cache' from command line to 'False'
[0.142s] Level 5:colcon.colcon_core.verb:set package 'bopt_controller' build argument 'cmake_clean_first' from command line to 'False'
[0.142s] Level 5:colcon.colcon_core.verb:set package 'bopt_controller' build argument 'cmake_force_configure' from command line to 'False'
[0.142s] Level 5:colcon.colcon_core.verb:set package 'bopt_controller' build argument 'ament_cmake_args' from command line to 'None'
[0.142s] Level 5:colcon.colcon_core.verb:set package 'bopt_controller' build argument 'catkin_cmake_args' from command line to 'None'
[0.142s] Level 5:colcon.colcon_core.verb:set package 'bopt_controller' build argument 'catkin_skip_building_tests' from command line to 'False'
[0.142s] DEBUG:colcon.colcon_core.verb:Building package 'bopt_controller' with the following arguments: {'ament_cmake_args': None, 'build_base': '/home/jkw/bopt_ws/build/bopt_controller', 'catkin_cmake_args': None, 'catkin_skip_building_tests': False, 'cmake_args': None, 'cmake_clean_cache': False, 'cmake_clean_first': False, 'cmake_force_configure': False, 'cmake_target': None, 'cmake_target_skip_unavailable': False, 'install_base': '/home/jkw/bopt_ws/install/bopt_controller', 'merge_install': False, 'path': '/home/jkw/bopt_ws/src/bopt_controller', 'symlink_install': True, 'test_result_base': None}
[0.143s] Level 5:colcon.colcon_core.verb:set package 'bopt_description' build argument 'cmake_args' from command line to 'None'
[0.143s] Level 5:colcon.colcon_core.verb:set package 'bopt_description' build argument 'cmake_target' from command line to 'None'
[0.143s] Level 5:colcon.colcon_core.verb:set package 'bopt_description' build argument 'cmake_target_skip_unavailable' from command line to 'False'
[0.143s] Level 5:colcon.colcon_core.verb:set package 'bopt_description' build argument 'cmake_clean_cache' from command line to 'False'
[0.143s] Level 5:colcon.colcon_core.verb:set package 'bopt_description' build argument 'cmake_clean_first' from command line to 'False'
[0.143s] Level 5:colcon.colcon_core.verb:set package 'bopt_description' build argument 'cmake_force_configure' from command line to 'False'
[0.143s] Level 5:colcon.colcon_core.verb:set package 'bopt_description' build argument 'ament_cmake_args' from command line to 'None'
[0.143s] Level 5:colcon.colcon_core.verb:set package 'bopt_description' build argument 'catkin_cmake_args' from command line to 'None'
[0.143s] Level 5:colcon.colcon_core.verb:set package 'bopt_description' build argument 'catkin_skip_building_tests' from command line to 'False'
[0.143s] DEBUG:colcon.colcon_core.verb:Building package 'bopt_description' with the following arguments: {'ament_cmake_args': None, 'build_base': '/home/jkw/bopt_ws/build/bopt_description', 'catkin_cmake_args': None, 'catkin_skip_building_tests': False, 'cmake_args': None, 'cmake_clean_cache': False, 'cmake_clean_first': False, 'cmake_force_configure': False, 'cmake_target': None, 'cmake_target_skip_unavailable': False, 'install_base': '/home/jkw/bopt_ws/install/bopt_description', 'merge_install': False, 'path': '/home/jkw/bopt_ws/src/bopt_description', 'symlink_install': True, 'test_result_base': None}
[0.143s] INFO:colcon.colcon_core.executor:Executing jobs using 'parallel' executor
[0.143s] DEBUG:colcon.colcon_parallel_executor.executor.parallel:run_until_complete
[0.143s] INFO:colcon.colcon_ros.task.ament_python.build:Building ROS package in '/home/jkw/bopt_ws/src/bopt_controller' with build type 'ament_python'
[0.143s] Level 1:colcon.colcon_core.shell:create_environment_hook('bopt_controller', 'ament_prefix_path')
[0.144s] INFO:colcon.colcon_core.plugin_system:Skipping extension 'colcon_core.shell.bat': Not used on non-Windows systems
[0.144s] INFO:colcon.colcon_core.shell:Creating environment hook '/home/jkw/bopt_ws/install/bopt_controller/share/bopt_controller/hook/ament_prefix_path.ps1'
[0.145s] INFO:colcon.colcon_core.shell:Creating environment descriptor '/home/jkw/bopt_ws/install/bopt_controller/share/bopt_controller/hook/ament_prefix_path.dsv'
[0.145s] INFO:colcon.colcon_core.shell:Creating environment hook '/home/jkw/bopt_ws/install/bopt_controller/share/bopt_controller/hook/ament_prefix_path.sh'
[0.145s] INFO:colcon.colcon_core.shell:Skip shell extension 'powershell' for command environment: Not usable outside of PowerShell
[0.145s] DEBUG:colcon.colcon_core.shell:Skip shell extension 'dsv' for command environment
[0.147s] INFO:colcon.colcon_ros.task.ament_cmake.build:Building ROS package in '/home/jkw/bopt_ws/src/bopt_description' with build type 'ament_cmake'
[0.147s] INFO:colcon.colcon_cmake.task.cmake.build:Building CMake package in '/home/jkw/bopt_ws/src/bopt_description'
[0.147s] INFO:colcon.colcon_core.shell:Skip shell extension 'powershell' for command environment: Not usable outside of PowerShell
[0.147s] DEBUG:colcon.colcon_core.shell:Skip shell extension 'dsv' for command environment
[0.247s] INFO:colcon.colcon_core.task.python.build:Building Python package in '/home/jkw/bopt_ws/src/bopt_controller'
[0.247s] INFO:colcon.colcon_core.shell:Skip shell extension 'powershell' for command environment: Not usable outside of PowerShell
[0.247s] DEBUG:colcon.colcon_core.shell:Skip shell extension 'dsv' for command environment
[0.251s] DEBUG:colcon.colcon_core.event_handler.log_command:Invoking command in '/home/jkw/bopt_ws/build/bopt_description': CMAKE_PREFIX_PATH=${CMAKE_PREFIX_PATH}:/home/jkw/bopt_ws/install/bopt_controller:/opt/ros/humble /usr/bin/cmake /home/jkw/bopt_ws/src/bopt_description -DAMENT_CMAKE_SYMLINK_INSTALL=1 -DCMAKE_INSTALL_PREFIX=/home/jkw/bopt_ws/install/bopt_description
[0.341s] DEBUG:colcon.colcon_core.event_handler.log_command:Invoked command in '/home/jkw/bopt_ws/build/bopt_description' returned '0': CMAKE_PREFIX_PATH=${CMAKE_PREFIX_PATH}:/home/jkw/bopt_ws/install/bopt_controller:/opt/ros/humble /usr/bin/cmake /home/jkw/bopt_ws/src/bopt_description -DAMENT_CMAKE_SYMLINK_INSTALL=1 -DCMAKE_INSTALL_PREFIX=/home/jkw/bopt_ws/install/bopt_description
[0.342s] DEBUG:colcon.colcon_core.event_handler.log_command:Invoking command in '/home/jkw/bopt_ws/build/bopt_description': CMAKE_PREFIX_PATH=${CMAKE_PREFIX_PATH}:/home/jkw/bopt_ws/install/bopt_controller:/opt/ros/humble /usr/bin/cmake --build /home/jkw/bopt_ws/build/bopt_description -- -j32 -l32
[0.354s] DEBUG:colcon.colcon_core.event_handler.log_command:Invoked command in '/home/jkw/bopt_ws/build/bopt_description' returned '0': CMAKE_PREFIX_PATH=${CMAKE_PREFIX_PATH}:/home/jkw/bopt_ws/install/bopt_controller:/opt/ros/humble /usr/bin/cmake --build /home/jkw/bopt_ws/build/bopt_description -- -j32 -l32
[0.358s] DEBUG:colcon.colcon_core.event_handler.log_command:Invoking command in '/home/jkw/bopt_ws/build/bopt_description': CMAKE_PREFIX_PATH=${CMAKE_PREFIX_PATH}:/home/jkw/bopt_ws/install/bopt_controller:/opt/ros/humble /usr/bin/cmake --install /home/jkw/bopt_ws/build/bopt_description
[0.365s] Level 1:colcon.colcon_core.environment:create_environment_scripts_only(bopt_description)
[0.366s] DEBUG:colcon.colcon_core.event_handler.log_command:Invoked command in '/home/jkw/bopt_ws/build/bopt_description' returned '0': CMAKE_PREFIX_PATH=${CMAKE_PREFIX_PATH}:/home/jkw/bopt_ws/install/bopt_controller:/opt/ros/humble /usr/bin/cmake --install /home/jkw/bopt_ws/build/bopt_description
[0.366s] Level 1:colcon.colcon_core.environment:checking '/home/jkw/bopt_ws/install/bopt_description' for CMake module files
[0.367s] Level 1:colcon.colcon_core.environment:checking '/home/jkw/bopt_ws/install/bopt_description' for CMake config files
[0.367s] Level 1:colcon.colcon_core.shell:create_environment_hook('bopt_description', 'cmake_prefix_path')
[0.367s] INFO:colcon.colcon_core.shell:Creating environment hook '/home/jkw/bopt_ws/install/bopt_description/share/bopt_description/hook/cmake_prefix_path.ps1'
[0.367s] INFO:colcon.colcon_core.shell:Creating environment descriptor '/home/jkw/bopt_ws/install/bopt_description/share/bopt_description/hook/cmake_prefix_path.dsv'
[0.367s] INFO:colcon.colcon_core.shell:Creating environment hook '/home/jkw/bopt_ws/install/bopt_description/share/bopt_description/hook/cmake_prefix_path.sh'
[0.368s] Level 1:colcon.colcon_core.environment:checking '/home/jkw/bopt_ws/install/bopt_description/lib'
[0.368s] Level 1:colcon.colcon_core.environment:checking '/home/jkw/bopt_ws/install/bopt_description/bin'
[0.368s] Level 1:colcon.colcon_core.environment:checking '/home/jkw/bopt_ws/install/bopt_description/lib/pkgconfig/bopt_description.pc'
[0.368s] Level 1:colcon.colcon_core.environment:checking '/home/jkw/bopt_ws/install/bopt_description/lib/python3.10/site-packages'
[0.368s] Level 1:colcon.colcon_core.environment:checking '/home/jkw/bopt_ws/install/bopt_description/bin'
[0.368s] INFO:colcon.colcon_core.shell:Creating package script '/home/jkw/bopt_ws/install/bopt_description/share/bopt_description/package.ps1'
[0.368s] INFO:colcon.colcon_core.shell:Creating package descriptor '/home/jkw/bopt_ws/install/bopt_description/share/bopt_description/package.dsv'
[0.369s] INFO:colcon.colcon_core.shell:Creating package script '/home/jkw/bopt_ws/install/bopt_description/share/bopt_description/package.sh'
[0.369s] INFO:colcon.colcon_core.shell:Creating package script '/home/jkw/bopt_ws/install/bopt_description/share/bopt_description/package.bash'
[0.369s] INFO:colcon.colcon_core.shell:Creating package script '/home/jkw/bopt_ws/install/bopt_description/share/bopt_description/package.zsh'
[0.369s] Level 1:colcon.colcon_core.environment:create_file_with_runtime_dependencies(/home/jkw/bopt_ws/install/bopt_description/share/colcon-core/packages/bopt_description)
[0.370s] Level 1:colcon.colcon_core.environment:create_environment_scripts_only(bopt_description)
[0.370s] Level 1:colcon.colcon_core.environment:checking '/home/jkw/bopt_ws/install/bopt_description' for CMake module files
[0.370s] Level 1:colcon.colcon_core.environment:checking '/home/jkw/bopt_ws/install/bopt_description' for CMake config files
[0.370s] Level 1:colcon.colcon_core.shell:create_environment_hook('bopt_description', 'cmake_prefix_path')
[0.370s] INFO:colcon.colcon_core.shell:Creating environment hook '/home/jkw/bopt_ws/install/bopt_description/share/bopt_description/hook/cmake_prefix_path.ps1'
[0.370s] INFO:colcon.colcon_core.shell:Creating environment descriptor '/home/jkw/bopt_ws/install/bopt_description/share/bopt_description/hook/cmake_prefix_path.dsv'
[0.370s] INFO:colcon.colcon_core.shell:Creating environment hook '/home/jkw/bopt_ws/install/bopt_description/share/bopt_description/hook/cmake_prefix_path.sh'
[0.370s] Level 1:colcon.colcon_core.environment:checking '/home/jkw/bopt_ws/install/bopt_description/lib'
[0.370s] Level 1:colcon.colcon_core.environment:checking '/home/jkw/bopt_ws/install/bopt_description/bin'
[0.370s] Level 1:colcon.colcon_core.environment:checking '/home/jkw/bopt_ws/install/bopt_description/lib/pkgconfig/bopt_description.pc'
[0.371s] Level 1:colcon.colcon_core.environment:checking '/home/jkw/bopt_ws/install/bopt_description/lib/python3.10/site-packages'
[0.371s] Level 1:colcon.colcon_core.environment:checking '/home/jkw/bopt_ws/install/bopt_description/bin'
[0.371s] INFO:colcon.colcon_core.shell:Creating package script '/home/jkw/bopt_ws/install/bopt_description/share/bopt_description/package.ps1'
[0.371s] INFO:colcon.colcon_core.shell:Creating package descriptor '/home/jkw/bopt_ws/install/bopt_description/share/bopt_description/package.dsv'
[0.371s] INFO:colcon.colcon_core.shell:Creating package script '/home/jkw/bopt_ws/install/bopt_description/share/bopt_description/package.sh'
[0.371s] INFO:colcon.colcon_core.shell:Creating package script '/home/jkw/bopt_ws/install/bopt_description/share/bopt_description/package.bash'
[0.371s] INFO:colcon.colcon_core.shell:Creating package script '/home/jkw/bopt_ws/install/bopt_description/share/bopt_description/package.zsh'
[0.371s] Level 1:colcon.colcon_core.environment:create_file_with_runtime_dependencies(/home/jkw/bopt_ws/install/bopt_description/share/colcon-core/packages/bopt_description)
[0.385s] DEBUG:colcon.colcon_core.task.python.build:Available setuptools commands: compile_catalog, build, sdist, bdist_dumb, egg_info, extract_messages, register, init_catalog, install_scripts, bdist_wheel, install_egg_info, bdist_rpm, update_catalog, test, build_ext, build_clib, check, easy_install, install_headers, clean, upload_docs, install_data, saveopts, upload, build_py, build_scripts, alias, develop, rotate, setopt, install, install_lib, bdist, symlink_data, bdist_egg, dist_info
[0.495s] DEBUG:colcon.colcon_core.task.python.build:Available setuptools 'develop' options: --no-deps, --version, --no-user-cfg, --help, --prefix, --quiet, --exclude-scripts, --site-dirs, --uninstall, --multi-version, --script-dir, --install-layout, --always-copy, --editable, --upgrade, --index-url, --find-links, --always-unzip, --force-installation-into-system-dir, --egg-path, --allow-hosts, --record, --zip-ok, --local-snapshots-ok, --build-directory, --user, --dry-run, --no-find-links, --install-dir, --verbose, --optimize
[0.495s] DEBUG:colcon.colcon_core.task.python.build:While undoing a previous installation files outside the Python library path are being ignored: /home/jkw/bopt_ws/install/bopt_controller/share/ament_index/resource_index/packages/bopt_controller
[0.496s] DEBUG:colcon.colcon_core.task.python.build:While undoing a previous installation files outside the Python library path are being ignored: /home/jkw/bopt_ws/install/bopt_controller/share/bopt_controller/package.xml
[0.496s] DEBUG:colcon.colcon_core.task.python.build:While undoing a previous installation files outside the Python library path are being ignored: /home/jkw/bopt_ws/install/bopt_controller/lib/bopt_controller/bopt_controller
[0.497s] DEBUG:colcon.colcon_core.event_handler.log_command:Invoking command in '/home/jkw/bopt_ws/build/bopt_controller': PYTHONPATH=/home/jkw/bopt_ws/build/bopt_controller/prefix_override:/usr/lib/python3/dist-packages/colcon_core/task/python/colcon_distutils_commands:/home/jkw/bopt_ws/install/bopt_controller/lib/python3.10/site-packages:${PYTHONPATH} /usr/bin/python3 -W ignore:setup.py install is deprecated -W ignore:easy_install command is deprecated setup.py develop --editable --build-directory /home/jkw/bopt_ws/build/bopt_controller/build --no-deps symlink_data --force
[0.682s] Level 1:colcon.colcon_core.shell:create_environment_hook('bopt_controller', 'pythonpath_develop')
[0.682s] INFO:colcon.colcon_core.shell:Creating environment hook '/home/jkw/bopt_ws/build/bopt_controller/share/bopt_controller/hook/pythonpath_develop.ps1'
[0.683s] DEBUG:colcon.colcon_core.event_handler.log_command:Invoked command in '/home/jkw/bopt_ws/build/bopt_controller' returned '0': PYTHONPATH=/home/jkw/bopt_ws/build/bopt_controller/prefix_override:/usr/lib/python3/dist-packages/colcon_core/task/python/colcon_distutils_commands:/home/jkw/bopt_ws/install/bopt_controller/lib/python3.10/site-packages:${PYTHONPATH} /usr/bin/python3 -W ignore:setup.py install is deprecated -W ignore:easy_install command is deprecated setup.py develop --editable --build-directory /home/jkw/bopt_ws/build/bopt_controller/build --no-deps symlink_data --force
[0.683s] INFO:colcon.colcon_core.shell:Creating environment descriptor '/home/jkw/bopt_ws/build/bopt_controller/share/bopt_controller/hook/pythonpath_develop.dsv'
[0.683s] INFO:colcon.colcon_core.shell:Creating environment hook '/home/jkw/bopt_ws/build/bopt_controller/share/bopt_controller/hook/pythonpath_develop.sh'
[0.683s] Level 1:colcon.colcon_core.environment:checking '/home/jkw/bopt_ws/install/bopt_controller' for CMake module files
[0.683s] Level 1:colcon.colcon_core.environment:checking '/home/jkw/bopt_ws/install/bopt_controller' for CMake config files
[0.684s] Level 1:colcon.colcon_core.environment:checking '/home/jkw/bopt_ws/install/bopt_controller/lib'
[0.684s] Level 1:colcon.colcon_core.environment:checking '/home/jkw/bopt_ws/install/bopt_controller/bin'
[0.684s] Level 1:colcon.colcon_core.environment:checking '/home/jkw/bopt_ws/install/bopt_controller/lib/pkgconfig/bopt_controller.pc'
[0.684s] Level 1:colcon.colcon_core.environment:checking '/home/jkw/bopt_ws/install/bopt_controller/lib/python3.10/site-packages'
[0.684s] Level 1:colcon.colcon_core.shell:create_environment_hook('bopt_controller', 'pythonpath')
[0.684s] INFO:colcon.colcon_core.shell:Creating environment hook '/home/jkw/bopt_ws/install/bopt_controller/share/bopt_controller/hook/pythonpath.ps1'
[0.684s] INFO:colcon.colcon_core.shell:Creating environment descriptor '/home/jkw/bopt_ws/install/bopt_controller/share/bopt_controller/hook/pythonpath.dsv'
[0.684s] INFO:colcon.colcon_core.shell:Creating environment hook '/home/jkw/bopt_ws/install/bopt_controller/share/bopt_controller/hook/pythonpath.sh'
[0.684s] Level 1:colcon.colcon_core.environment:checking '/home/jkw/bopt_ws/install/bopt_controller/bin'
[0.684s] Level 1:colcon.colcon_core.environment:create_environment_scripts_only(bopt_controller)
[0.684s] INFO:colcon.colcon_core.shell:Creating package script '/home/jkw/bopt_ws/install/bopt_controller/share/bopt_controller/package.ps1'
[0.685s] INFO:colcon.colcon_core.shell:Creating package descriptor '/home/jkw/bopt_ws/install/bopt_controller/share/bopt_controller/package.dsv'
[0.685s] INFO:colcon.colcon_core.shell:Creating package script '/home/jkw/bopt_ws/install/bopt_controller/share/bopt_controller/package.sh'
[0.685s] INFO:colcon.colcon_core.shell:Creating package script '/home/jkw/bopt_ws/install/bopt_controller/share/bopt_controller/package.bash'
[0.685s] INFO:colcon.colcon_core.shell:Creating package script '/home/jkw/bopt_ws/install/bopt_controller/share/bopt_controller/package.zsh'
[0.685s] Level 1:colcon.colcon_core.environment:create_file_with_runtime_dependencies(/home/jkw/bopt_ws/install/bopt_controller/share/colcon-core/packages/bopt_controller)
[0.685s] DEBUG:colcon.colcon_parallel_executor.executor.parallel:closing loop
[0.685s] DEBUG:colcon.colcon_parallel_executor.executor.parallel:loop closed
[0.685s] DEBUG:colcon.colcon_parallel_executor.executor.parallel:run_until_complete finished with '0'
[0.685s] DEBUG:colcon.colcon_core.event_reactor:joining thread
[0.688s] INFO:colcon.colcon_core.plugin_system:Skipping extension 'colcon_notification.desktop_notification.terminal_notifier': Not used on non-Darwin systems
[0.688s] INFO:colcon.colcon_core.plugin_system:Skipping extension 'colcon_notification.desktop_notification.win32': Not used on non-Windows systems
[0.688s] INFO:colcon.colcon_notification.desktop_notification:Sending desktop notification using 'notify2'
[0.692s] DEBUG:colcon.colcon_core.event_reactor:joined thread
[0.692s] INFO:colcon.colcon_core.shell:Creating prefix script '/home/jkw/bopt_ws/install/local_setup.ps1'
[0.692s] INFO:colcon.colcon_core.shell:Creating prefix util module '/home/jkw/bopt_ws/install/_local_setup_util_ps1.py'
[0.693s] INFO:colcon.colcon_core.shell:Creating prefix chain script '/home/jkw/bopt_ws/install/setup.ps1'
[0.693s] INFO:colcon.colcon_core.shell:Creating prefix script '/home/jkw/bopt_ws/install/local_setup.sh'
[0.693s] INFO:colcon.colcon_core.shell:Creating prefix util module '/home/jkw/bopt_ws/install/_local_setup_util_sh.py'
[0.694s] INFO:colcon.colcon_core.shell:Creating prefix chain script '/home/jkw/bopt_ws/install/setup.sh'
[0.694s] INFO:colcon.colcon_core.shell:Creating prefix script '/home/jkw/bopt_ws/install/local_setup.bash'
[0.694s] INFO:colcon.colcon_core.shell:Creating prefix chain script '/home/jkw/bopt_ws/install/setup.bash'
[0.694s] INFO:colcon.colcon_core.shell:Creating prefix script '/home/jkw/bopt_ws/install/local_setup.zsh'
[0.694s] INFO:colcon.colcon_core.shell:Creating prefix chain script '/home/jkw/bopt_ws/install/setup.zsh'
