[0.042s] DEBUG:colcon:Command line arguments: ['/usr/bin/colcon', 'build', '--packages-select', 'bopt_controller', 'bopt_description']
[0.042s] DEBUG:colcon:Parsed command line arguments: Namespace(log_base=None, log_level=None, verb_name='build', build_base='build', install_base='install', merge_install=False, symlink_install=False, test_result_base=None, continue_on_error=False, executor='parallel', parallel_workers=32, event_handlers=None, ignore_user_meta=False, metas=['./colcon.meta'], base_paths=['.'], packages_ignore=None, packages_ignore_regex=None, paths=None, packages_up_to=None, packages_up_to_regex=None, packages_above=None, packages_above_and_dependencies=None, packages_above_depth=None, packages_select_by_dep=None, packages_skip_by_dep=None, packages_skip_up_to=None, packages_select_build_failed=False, packages_skip_build_finished=False, packages_select_test_failures=False, packages_skip_test_passed=False, packages_select=['bopt_controller', 'bopt_description'], packages_skip=None, packages_select_regex=None, packages_skip_regex=None, packages_start=None, packages_end=None, allow_overriding=[], cmake_args=None, cmake_target=None, cmake_target_skip_unavailable=False, cmake_clean_cache=False, cmake_clean_first=False, cmake_force_configure=False, ament_cmake_args=None, catkin_cmake_args=None, catkin_skip_building_tests=False, mixin_files=None, mixin=None, verb_parser=<colcon_mixin.mixin.mixin_argument.MixinArgumentDecorator object at 0x7432e40a0100>, verb_extension=<colcon_core.verb.build.BuildVerb object at 0x7432e41a19f0>, main=<bound method BuildVerb.main of <colcon_core.verb.build.BuildVerb object at 0x7432e41a19f0>>, mixin_verb=('build',))
[0.104s] Level 1:colcon.colcon_core.package_discovery:discover_packages(colcon_meta) check parameters
[0.104s] Level 1:colcon.colcon_core.package_discovery:discover_packages(recursive) check parameters
[0.104s] Level 1:colcon.colcon_core.package_discovery:discover_packages(ignore) check parameters
[0.104s] Level 1:colcon.colcon_core.package_discovery:discover_packages(path) check parameters
[0.104s] Level 1:colcon.colcon_core.package_discovery:discover_packages(colcon_meta) discover
[0.104s] Level 1:colcon.colcon_core.package_discovery:discover_packages(recursive) discover
[0.104s] INFO:colcon.colcon_core.package_discovery:Crawling recursively for packages in '/home/jkw/bopt_ws'
[0.104s] Level 1:colcon.colcon_core.package_identification:_identify(.) by extensions ['ignore', 'ignore_ament_install']
[0.104s] Level 1:colcon.colcon_core.package_identification:_identify(.) by extension 'ignore'
[0.105s] Level 1:colcon.colcon_core.package_identification:_identify(.) by extension 'ignore_ament_install'
[0.105s] Level 1:colcon.colcon_core.package_identification:_identify(.) by extensions ['colcon_pkg']
[0.105s] Level 1:colcon.colcon_core.package_identification:_identify(.) by extension 'colcon_pkg'
[0.105s] Level 1:colcon.colcon_core.package_identification:_identify(.) by extensions ['colcon_meta']
[0.105s] Level 1:colcon.colcon_core.package_identification:_identify(.) by extension 'colcon_meta'
[0.105s] Level 1:colcon.colcon_core.package_identification:_identify(.) by extensions ['ros']
[0.105s] Level 1:colcon.colcon_core.package_identification:_identify(.) by extension 'ros'
[0.114s] Level 1:colcon.colcon_core.package_identification:_identify(.) by extensions ['cmake', 'python']
[0.114s] Level 1:colcon.colcon_core.package_identification:_identify(.) by extension 'cmake'
[0.114s] Level 1:colcon.colcon_core.package_identification:_identify(.) by extension 'python'
[0.114s] Level 1:colcon.colcon_core.package_identification:_identify(.) by extensions ['python_setup_py']
[0.114s] Level 1:colcon.colcon_core.package_identification:_identify(.) by extension 'python_setup_py'
[0.114s] Level 1:colcon.colcon_core.package_identification:_identify(build) by extensions ['ignore', 'ignore_ament_install']
[0.114s] Level 1:colcon.colcon_core.package_identification:_identify(build) by extension 'ignore'
[0.114s] Level 1:colcon.colcon_core.package_identification:_identify(build) ignored
[0.114s] Level 1:colcon.colcon_core.package_identification:_identify(install) by extensions ['ignore', 'ignore_ament_install']
[0.114s] Level 1:colcon.colcon_core.package_identification:_identify(install) by extension 'ignore'
[0.114s] Level 1:colcon.colcon_core.package_identification:_identify(install) ignored
[0.114s] Level 1:colcon.colcon_core.package_identification:_identify(log) by extensions ['ignore', 'ignore_ament_install']
[0.114s] Level 1:colcon.colcon_core.package_identification:_identify(log) by extension 'ignore'
[0.114s] Level 1:colcon.colcon_core.package_identification:_identify(log) ignored
[0.114s] Level 1:colcon.colcon_core.package_identification:_identify(src) by extensions ['ignore', 'ignore_ament_install']
[0.114s] Level 1:colcon.colcon_core.package_identification:_identify(src) by extension 'ignore'
[0.114s] Level 1:colcon.colcon_core.package_identification:_identify(src) by extension 'ignore_ament_install'
[0.114s] Level 1:colcon.colcon_core.package_identification:_identify(src) by extensions ['colcon_pkg']
[0.114s] Level 1:colcon.colcon_core.package_identification:_identify(src) by extension 'colcon_pkg'
[0.114s] Level 1:colcon.colcon_core.package_identification:_identify(src) by extensions ['colcon_meta']
[0.114s] Level 1:colcon.colcon_core.package_identification:_identify(src) by extension 'colcon_meta'
[0.114s] Level 1:colcon.colcon_core.package_identification:_identify(src) by extensions ['ros']
[0.114s] Level 1:colcon.colcon_core.package_identification:_identify(src) by extension 'ros'
[0.114s] Level 1:colcon.colcon_core.package_identification:_identify(src) by extensions ['cmake', 'python']
[0.114s] Level 1:colcon.colcon_core.package_identification:_identify(src) by extension 'cmake'
[0.114s] Level 1:colcon.colcon_core.package_identification:_identify(src) by extension 'python'
[0.114s] Level 1:colcon.colcon_core.package_identification:_identify(src) by extensions ['python_setup_py']
[0.114s] Level 1:colcon.colcon_core.package_identification:_identify(src) by extension 'python_setup_py'
[0.114s] Level 1:colcon.colcon_core.package_identification:_identify(src/bopt_controller) by extensions ['ignore', 'ignore_ament_install']
[0.114s] Level 1:colcon.colcon_core.package_identification:_identify(src/bopt_controller) by extension 'ignore'
[0.114s] Level 1:colcon.colcon_core.package_identification:_identify(src/bopt_controller) by extension 'ignore_ament_install'
[0.114s] Level 1:colcon.colcon_core.package_identification:_identify(src/bopt_controller) by extensions ['colcon_pkg']
[0.115s] Level 1:colcon.colcon_core.package_identification:_identify(src/bopt_controller) by extension 'colcon_pkg'
[0.115s] Level 1:colcon.colcon_core.package_identification:_identify(src/bopt_controller) by extensions ['colcon_meta']
[0.115s] Level 1:colcon.colcon_core.package_identification:_identify(src/bopt_controller) by extension 'colcon_meta'
[0.115s] Level 1:colcon.colcon_core.package_identification:_identify(src/bopt_controller) by extensions ['ros']
[0.115s] Level 1:colcon.colcon_core.package_identification:_identify(src/bopt_controller) by extension 'ros'
[0.116s] DEBUG:colcon.colcon_core.package_identification:Package 'src/bopt_controller' with type 'ros.ament_python' and name 'bopt_controller'
[0.116s] Level 1:colcon.colcon_core.package_identification:_identify(src/bopt_description) by extensions ['ignore', 'ignore_ament_install']
[0.116s] Level 1:colcon.colcon_core.package_identification:_identify(src/bopt_description) by extension 'ignore'
[0.116s] Level 1:colcon.colcon_core.package_identification:_identify(src/bopt_description) by extension 'ignore_ament_install'
[0.116s] Level 1:colcon.colcon_core.package_identification:_identify(src/bopt_description) by extensions ['colcon_pkg']
[0.116s] Level 1:colcon.colcon_core.package_identification:_identify(src/bopt_description) by extension 'colcon_pkg'
[0.116s] Level 1:colcon.colcon_core.package_identification:_identify(src/bopt_description) by extensions ['colcon_meta']
[0.116s] Level 1:colcon.colcon_core.package_identification:_identify(src/bopt_description) by extension 'colcon_meta'
[0.116s] Level 1:colcon.colcon_core.package_identification:_identify(src/bopt_description) by extensions ['ros']
[0.116s] Level 1:colcon.colcon_core.package_identification:_identify(src/bopt_description) by extension 'ros'
[0.116s] DEBUG:colcon.colcon_core.package_identification:Package 'src/bopt_description' with type 'ros.ament_cmake' and name 'bopt_description'
[0.116s] Level 1:colcon.colcon_core.package_discovery:discover_packages(recursive) using defaults
[0.116s] Level 1:colcon.colcon_core.package_discovery:discover_packages(ignore) discover
[0.116s] Level 1:colcon.colcon_core.package_discovery:discover_packages(ignore) using defaults
[0.116s] Level 1:colcon.colcon_core.package_discovery:discover_packages(path) discover
[0.116s] Level 1:colcon.colcon_core.package_discovery:discover_packages(path) using defaults
[0.124s] Level 1:colcon.colcon_core.package_discovery:discover_packages(prefix_path) check parameters
[0.124s] Level 1:colcon.colcon_core.package_discovery:discover_packages(prefix_path) discover
[0.125s] DEBUG:colcon.colcon_installed_package_information.package_discovery:Found 2 installed packages in /home/jkw/bopt_ws/install
[0.125s] DEBUG:colcon.colcon_installed_package_information.package_discovery:Found 394 installed packages in /opt/ros/humble
[0.126s] Level 1:colcon.colcon_core.package_discovery:discover_packages(prefix_path) using defaults
[0.143s] Level 5:colcon.colcon_core.verb:set package 'bopt_controller' build argument 'cmake_args' from command line to 'None'
[0.143s] Level 5:colcon.colcon_core.verb:set package 'bopt_controller' build argument 'cmake_target' from command line to 'None'
[0.143s] Level 5:colcon.colcon_core.verb:set package 'bopt_controller' build argument 'cmake_target_skip_unavailable' from command line to 'False'
[0.143s] Level 5:colcon.colcon_core.verb:set package 'bopt_controller' build argument 'cmake_clean_cache' from command line to 'False'
[0.143s] Level 5:colcon.colcon_core.verb:set package 'bopt_controller' build argument 'cmake_clean_first' from command line to 'False'
[0.143s] Level 5:colcon.colcon_core.verb:set package 'bopt_controller' build argument 'cmake_force_configure' from command line to 'False'
[0.143s] Level 5:colcon.colcon_core.verb:set package 'bopt_controller' build argument 'ament_cmake_args' from command line to 'None'
[0.143s] Level 5:colcon.colcon_core.verb:set package 'bopt_controller' build argument 'catkin_cmake_args' from command line to 'None'
[0.143s] Level 5:colcon.colcon_core.verb:set package 'bopt_controller' build argument 'catkin_skip_building_tests' from command line to 'False'
[0.143s] DEBUG:colcon.colcon_core.verb:Building package 'bopt_controller' with the following arguments: {'ament_cmake_args': None, 'build_base': '/home/jkw/bopt_ws/build/bopt_controller', 'catkin_cmake_args': None, 'catkin_skip_building_tests': False, 'cmake_args': None, 'cmake_clean_cache': False, 'cmake_clean_first': False, 'cmake_force_configure': False, 'cmake_target': None, 'cmake_target_skip_unavailable': False, 'install_base': '/home/jkw/bopt_ws/install/bopt_controller', 'merge_install': False, 'path': '/home/jkw/bopt_ws/src/bopt_controller', 'symlink_install': False, 'test_result_base': None}
[0.143s] Level 5:colcon.colcon_core.verb:set package 'bopt_description' build argument 'cmake_args' from command line to 'None'
[0.143s] Level 5:colcon.colcon_core.verb:set package 'bopt_description' build argument 'cmake_target' from command line to 'None'
[0.143s] Level 5:colcon.colcon_core.verb:set package 'bopt_description' build argument 'cmake_target_skip_unavailable' from command line to 'False'
[0.143s] Level 5:colcon.colcon_core.verb:set package 'bopt_description' build argument 'cmake_clean_cache' from command line to 'False'
[0.143s] Level 5:colcon.colcon_core.verb:set package 'bopt_description' build argument 'cmake_clean_first' from command line to 'False'
[0.143s] Level 5:colcon.colcon_core.verb:set package 'bopt_description' build argument 'cmake_force_configure' from command line to 'False'
[0.143s] Level 5:colcon.colcon_core.verb:set package 'bopt_description' build argument 'ament_cmake_args' from command line to 'None'
[0.143s] Level 5:colcon.colcon_core.verb:set package 'bopt_description' build argument 'catkin_cmake_args' from command line to 'None'
[0.143s] Level 5:colcon.colcon_core.verb:set package 'bopt_description' build argument 'catkin_skip_building_tests' from command line to 'False'
[0.143s] DEBUG:colcon.colcon_core.verb:Building package 'bopt_description' with the following arguments: {'ament_cmake_args': None, 'build_base': '/home/jkw/bopt_ws/build/bopt_description', 'catkin_cmake_args': None, 'catkin_skip_building_tests': False, 'cmake_args': None, 'cmake_clean_cache': False, 'cmake_clean_first': False, 'cmake_force_configure': False, 'cmake_target': None, 'cmake_target_skip_unavailable': False, 'install_base': '/home/jkw/bopt_ws/install/bopt_description', 'merge_install': False, 'path': '/home/jkw/bopt_ws/src/bopt_description', 'symlink_install': False, 'test_result_base': None}
[0.143s] INFO:colcon.colcon_core.executor:Executing jobs using 'parallel' executor
[0.144s] DEBUG:colcon.colcon_parallel_executor.executor.parallel:run_until_complete
[0.144s] INFO:colcon.colcon_ros.task.ament_python.build:Building ROS package in '/home/jkw/bopt_ws/src/bopt_controller' with build type 'ament_python'
[0.144s] Level 1:colcon.colcon_core.shell:create_environment_hook('bopt_controller', 'ament_prefix_path')
[0.145s] INFO:colcon.colcon_core.plugin_system:Skipping extension 'colcon_core.shell.bat': Not used on non-Windows systems
[0.146s] INFO:colcon.colcon_core.shell:Creating environment hook '/home/jkw/bopt_ws/install/bopt_controller/share/bopt_controller/hook/ament_prefix_path.ps1'
[0.146s] INFO:colcon.colcon_core.shell:Creating environment descriptor '/home/jkw/bopt_ws/install/bopt_controller/share/bopt_controller/hook/ament_prefix_path.dsv'
[0.146s] INFO:colcon.colcon_core.shell:Creating environment hook '/home/jkw/bopt_ws/install/bopt_controller/share/bopt_controller/hook/ament_prefix_path.sh'
[0.146s] INFO:colcon.colcon_core.shell:Skip shell extension 'powershell' for command environment: Not usable outside of PowerShell
[0.146s] DEBUG:colcon.colcon_core.shell:Skip shell extension 'dsv' for command environment
[0.148s] INFO:colcon.colcon_ros.task.ament_cmake.build:Building ROS package in '/home/jkw/bopt_ws/src/bopt_description' with build type 'ament_cmake'
[0.148s] INFO:colcon.colcon_cmake.task.cmake.build:Building CMake package in '/home/jkw/bopt_ws/src/bopt_description'
[0.148s] INFO:colcon.colcon_core.shell:Skip shell extension 'powershell' for command environment: Not usable outside of PowerShell
[0.148s] DEBUG:colcon.colcon_core.shell:Skip shell extension 'dsv' for command environment
[0.251s] INFO:colcon.colcon_core.task.python.build:Building Python package in '/home/jkw/bopt_ws/src/bopt_controller'
[0.252s] INFO:colcon.colcon_core.shell:Skip shell extension 'powershell' for command environment: Not usable outside of PowerShell
[0.252s] DEBUG:colcon.colcon_core.shell:Skip shell extension 'dsv' for command environment
[0.256s] DEBUG:colcon.colcon_core.event_handler.log_command:Invoking command in '/home/jkw/bopt_ws/build/bopt_description': CMAKE_PREFIX_PATH=${CMAKE_PREFIX_PATH}:/home/jkw/bopt_ws/install/bopt_controller:/opt/ros/humble /usr/bin/cmake --build /home/jkw/bopt_ws/build/bopt_description -- -j32 -l32
[0.269s] DEBUG:colcon.colcon_core.event_handler.log_command:Invoked command in '/home/jkw/bopt_ws/build/bopt_description' returned '0': CMAKE_PREFIX_PATH=${CMAKE_PREFIX_PATH}:/home/jkw/bopt_ws/install/bopt_controller:/opt/ros/humble /usr/bin/cmake --build /home/jkw/bopt_ws/build/bopt_description -- -j32 -l32
[0.273s] DEBUG:colcon.colcon_core.event_handler.log_command:Invoking command in '/home/jkw/bopt_ws/build/bopt_description': CMAKE_PREFIX_PATH=${CMAKE_PREFIX_PATH}:/home/jkw/bopt_ws/install/bopt_controller:/opt/ros/humble /usr/bin/cmake --install /home/jkw/bopt_ws/build/bopt_description
[0.281s] Level 1:colcon.colcon_core.environment:create_environment_scripts_only(bopt_description)
[0.281s] DEBUG:colcon.colcon_core.event_handler.log_command:Invoked command in '/home/jkw/bopt_ws/build/bopt_description' returned '0': CMAKE_PREFIX_PATH=${CMAKE_PREFIX_PATH}:/home/jkw/bopt_ws/install/bopt_controller:/opt/ros/humble /usr/bin/cmake --install /home/jkw/bopt_ws/build/bopt_description
[0.282s] Level 1:colcon.colcon_core.environment:checking '/home/jkw/bopt_ws/install/bopt_description' for CMake module files
[0.282s] Level 1:colcon.colcon_core.environment:checking '/home/jkw/bopt_ws/install/bopt_description' for CMake config files
[0.282s] Level 1:colcon.colcon_core.shell:create_environment_hook('bopt_description', 'cmake_prefix_path')
[0.282s] INFO:colcon.colcon_core.shell:Creating environment hook '/home/jkw/bopt_ws/install/bopt_description/share/bopt_description/hook/cmake_prefix_path.ps1'
[0.282s] INFO:colcon.colcon_core.shell:Creating environment descriptor '/home/jkw/bopt_ws/install/bopt_description/share/bopt_description/hook/cmake_prefix_path.dsv'
[0.283s] INFO:colcon.colcon_core.shell:Creating environment hook '/home/jkw/bopt_ws/install/bopt_description/share/bopt_description/hook/cmake_prefix_path.sh'
[0.283s] Level 1:colcon.colcon_core.environment:checking '/home/jkw/bopt_ws/install/bopt_description/lib'
[0.283s] Level 1:colcon.colcon_core.environment:checking '/home/jkw/bopt_ws/install/bopt_description/bin'
[0.283s] Level 1:colcon.colcon_core.environment:checking '/home/jkw/bopt_ws/install/bopt_description/lib/pkgconfig/bopt_description.pc'
[0.283s] Level 1:colcon.colcon_core.environment:checking '/home/jkw/bopt_ws/install/bopt_description/lib/python3.10/site-packages'
[0.283s] Level 1:colcon.colcon_core.environment:checking '/home/jkw/bopt_ws/install/bopt_description/bin'
[0.283s] INFO:colcon.colcon_core.shell:Creating package script '/home/jkw/bopt_ws/install/bopt_description/share/bopt_description/package.ps1'
[0.284s] INFO:colcon.colcon_core.shell:Creating package descriptor '/home/jkw/bopt_ws/install/bopt_description/share/bopt_description/package.dsv'
[0.284s] INFO:colcon.colcon_core.shell:Creating package script '/home/jkw/bopt_ws/install/bopt_description/share/bopt_description/package.sh'
[0.284s] INFO:colcon.colcon_core.shell:Creating package script '/home/jkw/bopt_ws/install/bopt_description/share/bopt_description/package.bash'
[0.284s] INFO:colcon.colcon_core.shell:Creating package script '/home/jkw/bopt_ws/install/bopt_description/share/bopt_description/package.zsh'
[0.285s] Level 1:colcon.colcon_core.environment:create_file_with_runtime_dependencies(/home/jkw/bopt_ws/install/bopt_description/share/colcon-core/packages/bopt_description)
[0.285s] Level 1:colcon.colcon_core.environment:create_environment_scripts_only(bopt_description)
[0.285s] Level 1:colcon.colcon_core.environment:checking '/home/jkw/bopt_ws/install/bopt_description' for CMake module files
[0.285s] Level 1:colcon.colcon_core.environment:checking '/home/jkw/bopt_ws/install/bopt_description' for CMake config files
[0.285s] Level 1:colcon.colcon_core.shell:create_environment_hook('bopt_description', 'cmake_prefix_path')
[0.285s] INFO:colcon.colcon_core.shell:Creating environment hook '/home/jkw/bopt_ws/install/bopt_description/share/bopt_description/hook/cmake_prefix_path.ps1'
[0.285s] INFO:colcon.colcon_core.shell:Creating environment descriptor '/home/jkw/bopt_ws/install/bopt_description/share/bopt_description/hook/cmake_prefix_path.dsv'
[0.285s] INFO:colcon.colcon_core.shell:Creating environment hook '/home/jkw/bopt_ws/install/bopt_description/share/bopt_description/hook/cmake_prefix_path.sh'
[0.286s] Level 1:colcon.colcon_core.environment:checking '/home/jkw/bopt_ws/install/bopt_description/lib'
[0.286s] Level 1:colcon.colcon_core.environment:checking '/home/jkw/bopt_ws/install/bopt_description/bin'
[0.286s] Level 1:colcon.colcon_core.environment:checking '/home/jkw/bopt_ws/install/bopt_description/lib/pkgconfig/bopt_description.pc'
[0.286s] Level 1:colcon.colcon_core.environment:checking '/home/jkw/bopt_ws/install/bopt_description/lib/python3.10/site-packages'
[0.286s] Level 1:colcon.colcon_core.environment:checking '/home/jkw/bopt_ws/install/bopt_description/bin'
[0.286s] INFO:colcon.colcon_core.shell:Creating package script '/home/jkw/bopt_ws/install/bopt_description/share/bopt_description/package.ps1'
[0.286s] INFO:colcon.colcon_core.shell:Creating package descriptor '/home/jkw/bopt_ws/install/bopt_description/share/bopt_description/package.dsv'
[0.286s] INFO:colcon.colcon_core.shell:Creating package script '/home/jkw/bopt_ws/install/bopt_description/share/bopt_description/package.sh'
[0.286s] INFO:colcon.colcon_core.shell:Creating package script '/home/jkw/bopt_ws/install/bopt_description/share/bopt_description/package.bash'
[0.287s] INFO:colcon.colcon_core.shell:Creating package script '/home/jkw/bopt_ws/install/bopt_description/share/bopt_description/package.zsh'
[0.287s] Level 1:colcon.colcon_core.environment:create_file_with_runtime_dependencies(/home/jkw/bopt_ws/install/bopt_description/share/colcon-core/packages/bopt_description)
[0.399s] DEBUG:colcon.colcon_core.task.python.build:Available setuptools commands: easy_install, init_catalog, build_scripts, bdist_egg, register, clean, check, upload_docs, build_py, install_egg_info, setopt, dist_info, build, compile_catalog, build_clib, bdist_rpm, rotate, install_headers, bdist, bdist_wheel, egg_info, install_lib, build_ext, sdist, extract_messages, update_catalog, install_scripts, bdist_dumb, install_data, install, develop, alias, upload, symlink_data, saveopts, test
[0.400s] DEBUG:colcon.colcon_core.event_handler.log_command:Invoking command in '/home/jkw/bopt_ws/src/bopt_controller': PYTHONPATH=/home/jkw/bopt_ws/build/bopt_controller/prefix_override:/usr/lib/python3/dist-packages/colcon_core/task/python/colcon_distutils_commands:/home/jkw/bopt_ws/install/bopt_controller/lib/python3.10/site-packages:${PYTHONPATH} /usr/bin/python3 -W ignore:setup.py install is deprecated -W ignore:easy_install command is deprecated setup.py egg_info --egg-base ../../build/bopt_controller build --build-base /home/jkw/bopt_ws/build/bopt_controller/build install --record /home/jkw/bopt_ws/build/bopt_controller/install.log --install-scripts $base/lib/bopt_controller --single-version-externally-managed install_data
[0.523s] Level 1:colcon.colcon_core.environment:checking '/home/jkw/bopt_ws/install/bopt_controller' for CMake module files
[0.524s] DEBUG:colcon.colcon_core.event_handler.log_command:Invoked command in '/home/jkw/bopt_ws/src/bopt_controller' returned '0': PYTHONPATH=/home/jkw/bopt_ws/build/bopt_controller/prefix_override:/usr/lib/python3/dist-packages/colcon_core/task/python/colcon_distutils_commands:/home/jkw/bopt_ws/install/bopt_controller/lib/python3.10/site-packages:${PYTHONPATH} /usr/bin/python3 -W ignore:setup.py install is deprecated -W ignore:easy_install command is deprecated setup.py egg_info --egg-base ../../build/bopt_controller build --build-base /home/jkw/bopt_ws/build/bopt_controller/build install --record /home/jkw/bopt_ws/build/bopt_controller/install.log --install-scripts $base/lib/bopt_controller --single-version-externally-managed install_data
[0.524s] Level 1:colcon.colcon_core.environment:checking '/home/jkw/bopt_ws/install/bopt_controller' for CMake config files
[0.524s] Level 1:colcon.colcon_core.environment:checking '/home/jkw/bopt_ws/install/bopt_controller/lib'
[0.524s] Level 1:colcon.colcon_core.environment:checking '/home/jkw/bopt_ws/install/bopt_controller/bin'
[0.524s] Level 1:colcon.colcon_core.environment:checking '/home/jkw/bopt_ws/install/bopt_controller/lib/pkgconfig/bopt_controller.pc'
[0.524s] Level 1:colcon.colcon_core.environment:checking '/home/jkw/bopt_ws/install/bopt_controller/lib/python3.10/site-packages'
[0.524s] Level 1:colcon.colcon_core.shell:create_environment_hook('bopt_controller', 'pythonpath')
[0.524s] INFO:colcon.colcon_core.shell:Creating environment hook '/home/jkw/bopt_ws/install/bopt_controller/share/bopt_controller/hook/pythonpath.ps1'
[0.525s] INFO:colcon.colcon_core.shell:Creating environment descriptor '/home/jkw/bopt_ws/install/bopt_controller/share/bopt_controller/hook/pythonpath.dsv'
[0.525s] INFO:colcon.colcon_core.shell:Creating environment hook '/home/jkw/bopt_ws/install/bopt_controller/share/bopt_controller/hook/pythonpath.sh'
[0.525s] Level 1:colcon.colcon_core.environment:checking '/home/jkw/bopt_ws/install/bopt_controller/bin'
[0.525s] Level 1:colcon.colcon_core.environment:create_environment_scripts_only(bopt_controller)
[0.525s] INFO:colcon.colcon_core.shell:Creating package script '/home/jkw/bopt_ws/install/bopt_controller/share/bopt_controller/package.ps1'
[0.525s] INFO:colcon.colcon_core.shell:Creating package descriptor '/home/jkw/bopt_ws/install/bopt_controller/share/bopt_controller/package.dsv'
[0.526s] INFO:colcon.colcon_core.shell:Creating package script '/home/jkw/bopt_ws/install/bopt_controller/share/bopt_controller/package.sh'
[0.526s] INFO:colcon.colcon_core.shell:Creating package script '/home/jkw/bopt_ws/install/bopt_controller/share/bopt_controller/package.bash'
[0.526s] INFO:colcon.colcon_core.shell:Creating package script '/home/jkw/bopt_ws/install/bopt_controller/share/bopt_controller/package.zsh'
[0.527s] Level 1:colcon.colcon_core.environment:create_file_with_runtime_dependencies(/home/jkw/bopt_ws/install/bopt_controller/share/colcon-core/packages/bopt_controller)
[0.527s] DEBUG:colcon.colcon_parallel_executor.executor.parallel:closing loop
[0.527s] DEBUG:colcon.colcon_parallel_executor.executor.parallel:loop closed
[0.527s] DEBUG:colcon.colcon_parallel_executor.executor.parallel:run_until_complete finished with '0'
[0.527s] DEBUG:colcon.colcon_core.event_reactor:joining thread
[0.529s] INFO:colcon.colcon_core.plugin_system:Skipping extension 'colcon_notification.desktop_notification.terminal_notifier': Not used on non-Darwin systems
[0.529s] INFO:colcon.colcon_core.plugin_system:Skipping extension 'colcon_notification.desktop_notification.win32': Not used on non-Windows systems
[0.529s] INFO:colcon.colcon_notification.desktop_notification:Sending desktop notification using 'notify2'
[0.534s] DEBUG:colcon.colcon_core.event_reactor:joined thread
[0.534s] INFO:colcon.colcon_core.shell:Creating prefix script '/home/jkw/bopt_ws/install/local_setup.ps1'
[0.534s] INFO:colcon.colcon_core.shell:Creating prefix util module '/home/jkw/bopt_ws/install/_local_setup_util_ps1.py'
[0.535s] INFO:colcon.colcon_core.shell:Creating prefix chain script '/home/jkw/bopt_ws/install/setup.ps1'
[0.535s] INFO:colcon.colcon_core.shell:Creating prefix script '/home/jkw/bopt_ws/install/local_setup.sh'
[0.535s] INFO:colcon.colcon_core.shell:Creating prefix util module '/home/jkw/bopt_ws/install/_local_setup_util_sh.py'
[0.536s] INFO:colcon.colcon_core.shell:Creating prefix chain script '/home/jkw/bopt_ws/install/setup.sh'
[0.536s] INFO:colcon.colcon_core.shell:Creating prefix script '/home/jkw/bopt_ws/install/local_setup.bash'
[0.536s] INFO:colcon.colcon_core.shell:Creating prefix chain script '/home/jkw/bopt_ws/install/setup.bash'
[0.536s] INFO:colcon.colcon_core.shell:Creating prefix script '/home/jkw/bopt_ws/install/local_setup.zsh'
[0.537s] INFO:colcon.colcon_core.shell:Creating prefix chain script '/home/jkw/bopt_ws/install/setup.zsh'
