[0.248s] Invoking command in '/home/jkw/bopt_ws/src/bopt_controller': PYTHONPATH=/home/jkw/bopt_ws/build/bopt_controller/prefix_override:/usr/lib/python3/dist-packages/colcon_core/task/python/colcon_distutils_commands:/home/jkw/bopt_ws/install/bopt_controller/lib/python3.10/site-packages:${PYTHONPATH} /usr/bin/python3 -W ignore:setup.py install is deprecated -W ignore:easy_install command is deprecated setup.py egg_info --egg-base ../../build/bopt_controller build --build-base /home/jkw/bopt_ws/build/bopt_controller/build install --record /home/jkw/bopt_ws/build/bopt_controller/install.log --install-scripts $base/lib/bopt_controller --single-version-externally-managed install_data
[0.336s] running egg_info
[0.336s] writing ../../build/bopt_controller/bopt_controller.egg-info/PKG-INFO
[0.336s] writing dependency_links to ../../build/bopt_controller/bopt_controller.egg-info/dependency_links.txt
[0.336s] writing entry points to ../../build/bopt_controller/bopt_controller.egg-info/entry_points.txt
[0.336s] writing requirements to ../../build/bopt_controller/bopt_controller.egg-info/requires.txt
[0.336s] writing top-level names to ../../build/bopt_controller/bopt_controller.egg-info/top_level.txt
[0.337s] reading manifest file '../../build/bopt_controller/bopt_controller.egg-info/SOURCES.txt'
[0.337s] writing manifest file '../../build/bopt_controller/bopt_controller.egg-info/SOURCES.txt'
[0.337s] running build
[0.337s] running build_py
[0.337s] copying bopt_controller/controller_node.py -> /home/jkw/bopt_ws/build/bopt_controller/build/lib/bopt_controller
[0.337s] running install
[0.338s] running install_lib
[0.338s] copying /home/jkw/bopt_ws/build/bopt_controller/build/lib/bopt_controller/controller_node.py -> /home/jkw/bopt_ws/install/bopt_controller/lib/python3.10/site-packages/bopt_controller
[0.338s] byte-compiling /home/jkw/bopt_ws/install/bopt_controller/lib/python3.10/site-packages/bopt_controller/controller_node.py to controller_node.cpython-310.pyc
[0.339s] running install_data
[0.339s] running install_egg_info
[0.339s] removing '/home/jkw/bopt_ws/install/bopt_controller/lib/python3.10/site-packages/bopt_controller-0.0.0-py3.10.egg-info' (and everything under it)
[0.339s] Copying ../../build/bopt_controller/bopt_controller.egg-info to /home/jkw/bopt_ws/install/bopt_controller/lib/python3.10/site-packages/bopt_controller-0.0.0-py3.10.egg-info
[0.340s] running install_scripts
[0.348s] Installing bopt_controller script to /home/jkw/bopt_ws/install/bopt_controller/lib/bopt_controller
[0.348s] writing list of installed files to '/home/jkw/bopt_ws/build/bopt_controller/install.log'
[0.359s] Invoked command in '/home/jkw/bopt_ws/src/bopt_controller' returned '0': PYTHONPATH=/home/jkw/bopt_ws/build/bopt_controller/prefix_override:/usr/lib/python3/dist-packages/colcon_core/task/python/colcon_distutils_commands:/home/jkw/bopt_ws/install/bopt_controller/lib/python3.10/site-packages:${PYTHONPATH} /usr/bin/python3 -W ignore:setup.py install is deprecated -W ignore:easy_install command is deprecated setup.py egg_info --egg-base ../../build/bopt_controller build --build-base /home/jkw/bopt_ws/build/bopt_controller/build install --record /home/jkw/bopt_ws/build/bopt_controller/install.log --install-scripts $base/lib/bopt_controller --single-version-externally-managed install_data
