[0.005s] Invoking command in '/home/jkw/bopt_ws/build/bopt_description': CMAKE_PREFIX_PATH=/opt/ros/humble /usr/bin/cmake /home/jkw/bopt_ws/src/bopt_description -DAMENT_CMAKE_SYMLINK_INSTALL=1 -DCMAKE_INSTALL_PREFIX=/home/jkw/bopt_ws/install/bopt_description
[0.010s] -- Found ament_cmake: 1.3.14 (/opt/ros/humble/share/ament_cmake/cmake)
[0.058s] -- Override CMake install command with custom implementation using symlinks instead of copying resources
[0.067s] -- Found ament_lint_auto: 0.12.15 (/opt/ros/humble/share/ament_lint_auto/cmake)
[0.093s] -- Configuring done
[0.094s] -- Generating done
[0.095s] -- Build files have been written to: /home/jkw/bopt_ws/build/bopt_description
[0.096s] Invoked command in '/home/jkw/bopt_ws/build/bopt_description' returned '0': CMAKE_PREFIX_PATH=/opt/ros/humble /usr/bin/cmake /home/jkw/bopt_ws/src/bopt_description -DAMENT_CMAKE_SYMLINK_INSTALL=1 -DCMAKE_INSTALL_PREFIX=/home/jkw/bopt_ws/install/bopt_description
[0.097s] Invoking command in '/home/jkw/bopt_ws/build/bopt_description': CMAKE_PREFIX_PATH=/opt/ros/humble /usr/bin/cmake --build /home/jkw/bopt_ws/build/bopt_description -- -j32 -l32
[0.109s] Invoked command in '/home/jkw/bopt_ws/build/bopt_description' returned '0': CMAKE_PREFIX_PATH=/opt/ros/humble /usr/bin/cmake --build /home/jkw/bopt_ws/build/bopt_description -- -j32 -l32
[0.113s] Invoking command in '/home/jkw/bopt_ws/build/bopt_description': CMAKE_PREFIX_PATH=/opt/ros/humble /usr/bin/cmake --install /home/jkw/bopt_ws/build/bopt_description
[0.116s] -- Install configuration: ""
[0.117s] -- Execute custom install script
[0.117s] -- Symlinking: /home/jkw/bopt_ws/install/bopt_description/share/bopt_description/urdf/base.xacro
[0.120s] -- Symlinking: /home/jkw/bopt_ws/install/bopt_description/share/bopt_description/urdf/gazebo.xacro
[0.122s] -- Symlinking: /home/jkw/bopt_ws/install/bopt_description/share/bopt_description/urdf/materials.xacro
[0.125s] -- Symlinking: /home/jkw/bopt_ws/install/bopt_description/share/bopt_description/urdf/robot.urdf.xacro
[0.127s] -- Symlinking: /home/jkw/bopt_ws/install/bopt_description/share/bopt_description/urdf/sensors.xacro
[0.130s] -- Symlinking: /home/jkw/bopt_ws/install/bopt_description/share/bopt_description/urdf/wheels.xacro
[0.132s] -- Symlinking: /home/jkw/bopt_ws/install/bopt_description/share/bopt_description/meshes/visual/Base.STL
[0.135s] -- Symlinking: /home/jkw/bopt_ws/install/bopt_description/share/bopt_description/meshes/visual/Fork frant wheel 85X 110.STL
[0.138s] -- Symlinking: /home/jkw/bopt_ws/install/bopt_description/share/bopt_description/meshes/visual/Fork with base part.STL
[0.140s] -- Symlinking: /home/jkw/bopt_ws/install/bopt_description/share/bopt_description/meshes/visual/Fork with move body.STL
[0.143s] -- Symlinking: /home/jkw/bopt_ws/install/bopt_description/share/bopt_description/meshes/visual/caster wheel staring .STL
[0.145s] -- Symlinking: /home/jkw/bopt_ws/install/bopt_description/share/bopt_description/meshes/visual/caster wheel.STL
[0.148s] -- Symlinking: /home/jkw/bopt_ws/install/bopt_description/share/bopt_description/meshes/visual/driving wheel 1.STL
[0.151s] -- Symlinking: /home/jkw/bopt_ws/install/bopt_description/share/bopt_description/meshes/visual/driving wheel staring assembly - wheel staring-1.STL
[0.153s] -- Symlinking: /home/jkw/bopt_ws/install/bopt_description/share/bopt_description/meshes/visual/fork wheel shaft.STL
[0.156s] -- Symlinking: /home/jkw/bopt_ws/install/bopt_description/share/ament_index/resource_index/package_run_dependencies/bopt_description
[0.159s] -- Symlinking: /home/jkw/bopt_ws/install/bopt_description/share/ament_index/resource_index/parent_prefix_path/bopt_description
[0.161s] -- Symlinking: /home/jkw/bopt_ws/install/bopt_description/share/bopt_description/environment/ament_prefix_path.sh
[0.164s] -- Symlinking: /home/jkw/bopt_ws/install/bopt_description/share/bopt_description/environment/ament_prefix_path.dsv
[0.166s] -- Symlinking: /home/jkw/bopt_ws/install/bopt_description/share/bopt_description/environment/path.sh
[0.169s] -- Symlinking: /home/jkw/bopt_ws/install/bopt_description/share/bopt_description/environment/path.dsv
[0.172s] -- Symlinking: /home/jkw/bopt_ws/install/bopt_description/share/bopt_description/local_setup.bash
[0.174s] -- Symlinking: /home/jkw/bopt_ws/install/bopt_description/share/bopt_description/local_setup.sh
[0.177s] -- Symlinking: /home/jkw/bopt_ws/install/bopt_description/share/bopt_description/local_setup.zsh
[0.180s] -- Symlinking: /home/jkw/bopt_ws/install/bopt_description/share/bopt_description/local_setup.dsv
[0.182s] -- Symlinking: /home/jkw/bopt_ws/install/bopt_description/share/bopt_description/package.dsv
[0.185s] -- Symlinking: /home/jkw/bopt_ws/install/bopt_description/share/ament_index/resource_index/packages/bopt_description
[0.187s] -- Symlinking: /home/jkw/bopt_ws/install/bopt_description/share/bopt_description/cmake/bopt_descriptionConfig.cmake
[0.190s] -- Symlinking: /home/jkw/bopt_ws/install/bopt_description/share/bopt_description/cmake/bopt_descriptionConfig-version.cmake
[0.192s] -- Symlinking: /home/jkw/bopt_ws/install/bopt_description/share/bopt_description/package.xml
[0.196s] Invoked command in '/home/jkw/bopt_ws/build/bopt_description' returned '0': CMAKE_PREFIX_PATH=/opt/ros/humble /usr/bin/cmake --install /home/jkw/bopt_ws/build/bopt_description
