[0.005s] Invoking command in '/home/jkw/bopt_ws/build/bopt_description': CMAKE_PREFIX_PATH=${CMAKE_PREFIX_PATH}:/opt/ros/humble /usr/bin/cmake --build /home/jkw/bopt_ws/build/bopt_description -- -j32 -l32
[0.014s] -- Found ament_cmake: 1.3.14 (/opt/ros/humble/share/ament_cmake/cmake)
[0.065s] -- Found ament_lint_auto: 0.12.15 (/opt/ros/humble/share/ament_lint_auto/cmake)
[0.089s] -- Configuring done
[0.090s] -- Generating done
[0.090s] -- Build files have been written to: /home/jkw/bopt_ws/build/bopt_description
[0.098s] Invoked command in '/home/jkw/bopt_ws/build/bopt_description' returned '0': CMAKE_PREFIX_PATH=${CMAKE_PREFIX_PATH}:/opt/ros/humble /usr/bin/cmake --build /home/jkw/bopt_ws/build/bopt_description -- -j32 -l32
[0.102s] Invoking command in '/home/jkw/bopt_ws/build/bopt_description': CMAKE_PREFIX_PATH=${CMAKE_PREFIX_PATH}:/opt/ros/humble /usr/bin/cmake --install /home/jkw/bopt_ws/build/bopt_description
[0.104s] -- Install configuration: ""
[0.104s] -- Installing: /home/jkw/bopt_ws/install/bopt_description/share/bopt_description/launch
[0.104s] -- Installing: /home/jkw/bopt_ws/install/bopt_description/share/bopt_description/urdf
[0.104s] -- Installing: /home/jkw/bopt_ws/install/bopt_description/share/bopt_description/urdf/materials.xacro
[0.104s] -- Installing: /home/jkw/bopt_ws/install/bopt_description/share/bopt_description/urdf/sensors.xacro
[0.104s] -- Installing: /home/jkw/bopt_ws/install/bopt_description/share/bopt_description/urdf/wheels.xacro
[0.104s] -- Installing: /home/jkw/bopt_ws/install/bopt_description/share/bopt_description/urdf/gazebo.xacro
[0.104s] -- Installing: /home/jkw/bopt_ws/install/bopt_description/share/bopt_description/urdf/base.xacro
[0.104s] -- Installing: /home/jkw/bopt_ws/install/bopt_description/share/bopt_description/urdf/robot.urdf.xacro
[0.104s] -- Installing: /home/jkw/bopt_ws/install/bopt_description/share/bopt_description/meshes
[0.104s] -- Installing: /home/jkw/bopt_ws/install/bopt_description/share/bopt_description/meshes/collision
[0.104s] -- Installing: /home/jkw/bopt_ws/install/bopt_description/share/bopt_description/meshes/visual
[0.104s] -- Installing: /home/jkw/bopt_ws/install/bopt_description/share/bopt_description/rviz
[0.104s] -- Installing: /home/jkw/bopt_ws/install/bopt_description/share/bopt_description/config
[0.104s] -- Installing: /home/jkw/bopt_ws/install/bopt_description/share/ament_index/resource_index/package_run_dependencies/bopt_description
[0.104s] -- Installing: /home/jkw/bopt_ws/install/bopt_description/share/ament_index/resource_index/parent_prefix_path/bopt_description
[0.104s] -- Up-to-date: /home/jkw/bopt_ws/install/bopt_description/share/bopt_description/environment/ament_prefix_path.sh
[0.104s] -- Installing: /home/jkw/bopt_ws/install/bopt_description/share/bopt_description/environment/ament_prefix_path.dsv
[0.104s] -- Up-to-date: /home/jkw/bopt_ws/install/bopt_description/share/bopt_description/environment/path.sh
[0.104s] -- Installing: /home/jkw/bopt_ws/install/bopt_description/share/bopt_description/environment/path.dsv
[0.104s] -- Up-to-date: /home/jkw/bopt_ws/install/bopt_description/share/bopt_description/local_setup.bash
[0.104s] -- Up-to-date: /home/jkw/bopt_ws/install/bopt_description/share/bopt_description/local_setup.sh
[0.105s] -- Up-to-date: /home/jkw/bopt_ws/install/bopt_description/share/bopt_description/local_setup.zsh
[0.105s] -- Installing: /home/jkw/bopt_ws/install/bopt_description/share/bopt_description/local_setup.dsv
[0.105s] -- Installing: /home/jkw/bopt_ws/install/bopt_description/share/bopt_description/package.dsv
[0.105s] -- Up-to-date: /home/jkw/bopt_ws/install/bopt_description/share/ament_index/resource_index/packages/bopt_description
[0.105s] -- Installing: /home/jkw/bopt_ws/install/bopt_description/share/bopt_description/cmake/bopt_descriptionConfig.cmake
[0.105s] -- Installing: /home/jkw/bopt_ws/install/bopt_description/share/bopt_description/cmake/bopt_descriptionConfig-version.cmake
[0.105s] -- Installing: /home/jkw/bopt_ws/install/bopt_description/share/bopt_description/package.xml
[0.105s] Invoked command in '/home/jkw/bopt_ws/build/bopt_description' returned '0': CMAKE_PREFIX_PATH=${CMAKE_PREFIX_PATH}:/opt/ros/humble /usr/bin/cmake --install /home/jkw/bopt_ws/build/bopt_description
