running develop
Removing /home/jkw/bopt_ws/install/bopt_controller/lib/python3.10/site-packages/bopt-controller.egg-link (link to .)
running egg_info
writing ../../build/bopt_controller/bopt_controller.egg-info/PKG-INFO
writing dependency_links to ../../build/bopt_controller/bopt_controller.egg-info/dependency_links.txt
writing entry points to ../../build/bopt_controller/bopt_controller.egg-info/entry_points.txt
writing requirements to ../../build/bopt_controller/bopt_controller.egg-info/requires.txt
writing top-level names to ../../build/bopt_controller/bopt_controller.egg-info/top_level.txt
reading manifest file '../../build/bopt_controller/bopt_controller.egg-info/SOURCES.txt'
writing manifest file '../../build/bopt_controller/bopt_controller.egg-info/SOURCES.txt'
running build
running build_py
creating /home/jkw/bopt_ws/build/bopt_controller/build
creating /home/jkw/bopt_ws/build/bopt_controller/build/lib
creating /home/jkw/bopt_ws/build/bopt_controller/build/lib/bopt_controller
copying bopt_controller/bopt_controller_node.py -> /home/jkw/bopt_ws/build/bopt_controller/build/lib/bopt_controller
copying bopt_controller/__init__.py -> /home/jkw/bopt_ws/build/bopt_controller/build/lib/bopt_controller
running install
running install_lib
creating /home/jkw/bopt_ws/install/bopt_controller/lib/python3.10/site-packages/bopt_controller
copying /home/jkw/bopt_ws/build/bopt_controller/build/lib/bopt_controller/bopt_controller_node.py -> /home/jkw/bopt_ws/install/bopt_controller/lib/python3.10/site-packages/bopt_controller
copying /home/jkw/bopt_ws/build/bopt_controller/build/lib/bopt_controller/__init__.py -> /home/jkw/bopt_ws/install/bopt_controller/lib/python3.10/site-packages/bopt_controller
byte-compiling /home/jkw/bopt_ws/install/bopt_controller/lib/python3.10/site-packages/bopt_controller/bopt_controller_node.py to bopt_controller_node.cpython-310.pyc
byte-compiling /home/jkw/bopt_ws/install/bopt_controller/lib/python3.10/site-packages/bopt_controller/__init__.py to __init__.cpython-310.pyc
running install_data
copying resource/bopt_controller -> /home/jkw/bopt_ws/install/bopt_controller/share/ament_index/resource_index/packages
copying package.xml -> /home/jkw/bopt_ws/install/bopt_controller/share/bopt_controller
running install_egg_info
Copying ../../build/bopt_controller/bopt_controller.egg-info to /home/jkw/bopt_ws/install/bopt_controller/lib/python3.10/site-packages/bopt_controller-0.0.0-py3.10.egg-info
running install_scripts
Installing bopt_controller script to /home/jkw/bopt_ws/install/bopt_controller/lib/bopt_controller
writing list of installed files to '/home/jkw/bopt_ws/build/bopt_controller/install.log'
