[0.107s] Invoking command in '/home/jkw/bopt_ws/build/roboticsgroup_gazebo_plugins': /usr/bin/cmake /home/jkw/bopt_ws/src/roboticsgroup_gazebo_plugins -DCATKIN_INSTALL_INTO_PREFIX_ROOT=0 -DCATKIN_SYMLINK_INSTALL=ON -DCMAKE_INSTALL_PREFIX=/home/jkw/bopt_ws/install/roboticsgroup_gazebo_plugins
[0.109s] [0mCMake Deprecation Warning at CMakeLists.txt:1 (cmake_minimum_required):
[0.109s]   Compatibility with CMake < 2.8.12 will be removed from a future version of
[0.109s]   CMake.
[0.109s] 
[0.109s]   Update the VERSION argument <min> value or use a ...<max> suffix to tell
[0.109s]   CMake that the project does not need compatibility with older versions.
[0.109s] 
[0.109s] [0m
[0.146s] -- The C compiler identification is GNU 11.4.0
[0.179s] -- The CXX compiler identification is GNU 11.4.0
[0.183s] -- Detecting C compiler ABI info
[0.209s] -- Detecting C compiler ABI info - done
[0.212s] -- Check for working C compiler: /usr/bin/cc - skipped
[0.213s] -- Detecting C compile features
[0.213s] -- Detecting C compile features - done
[0.215s] -- Detecting CXX compiler ABI info
[0.246s] -- Detecting CXX compiler ABI info - done
[0.249s] -- Check for working CXX compiler: /usr/bin/c++ - skipped
[0.250s] -- Detecting CXX compile features
[0.250s] -- Detecting CXX compile features - done
[0.256s] [31mCMake Error at CMakeLists.txt:8 (find_package):
[0.256s]   By not providing "Findcatkin.cmake" in CMAKE_MODULE_PATH this project has
[0.256s]   asked CMake to find a package configuration file provided by "catkin", but
[0.256s]   CMake did not find one.
[0.256s] 
[0.256s]   Could not find a package configuration file provided by "catkin" with any
[0.256s]   of the following names:
[0.256s] 
[0.256s]     catkinConfig.cmake
[0.256s]     catkin-config.cmake
[0.256s] 
[0.256s]   Add the installation prefix of "catkin" to CMAKE_PREFIX_PATH or set
[0.256s]   "catkin_DIR" to a directory containing one of the above files.  If "catkin"
[0.256s]   provides a separate development package or SDK, be sure it has been
[0.256s]   installed.
[0.256s] 
[0.256s] [0m
[0.256s] -- Configuring incomplete, errors occurred!
[0.256s] See also "/home/jkw/bopt_ws/build/roboticsgroup_gazebo_plugins/CMakeFiles/CMakeOutput.log".
