-- Install configuration: ""
-- Up-to-date: /home/jkw/bopt_ws/install/bopt_description/share/bopt_description/launch
-- Installing: /home/jkw/bopt_ws/install/bopt_description/share/bopt_description/launch/display.launch.py
-- Up-to-date: /home/jkw/bopt_ws/install/bopt_description/share/bopt_description/urdf
-- Installing: /home/jkw/bopt_ws/install/bopt_description/share/bopt_description/urdf/materials.xacro
-- Up-to-date: /home/jkw/bopt_ws/install/bopt_description/share/bopt_description/urdf/sensors.xacro
-- Installing: /home/jkw/bopt_ws/install/bopt_description/share/bopt_description/urdf/wheels.xacro
-- Up-to-date: /home/jkw/bopt_ws/install/bopt_description/share/bopt_description/urdf/gazebo.xacro
-- Up-to-date: /home/jkw/bopt_ws/install/bopt_description/share/bopt_description/urdf/base.xacro
-- Installing: /home/jkw/bopt_ws/install/bopt_description/share/bopt_description/urdf/robot.urdf.xacro
-- Up-to-date: /home/jkw/bopt_ws/install/bopt_description/share/bopt_description/meshes
-- Up-to-date: /home/jkw/bopt_ws/install/bopt_description/share/bopt_description/meshes/collision
-- Up-to-date: /home/jkw/bopt_ws/install/bopt_description/share/bopt_description/meshes/visual
-- Installing: /home/jkw/bopt_ws/install/bopt_description/share/bopt_description/meshes/visual/driving wheel staring assembly - wheel staring-1.STL
-- Installing: /home/jkw/bopt_ws/install/bopt_description/share/bopt_description/meshes/visual/caster wheel staring .STL
-- Installing: /home/jkw/bopt_ws/install/bopt_description/share/bopt_description/meshes/visual/Fork with move body.STL
-- Installing: /home/jkw/bopt_ws/install/bopt_description/share/bopt_description/meshes/visual/caster wheel.STL
-- Installing: /home/jkw/bopt_ws/install/bopt_description/share/bopt_description/meshes/visual/Fork with base part.STL
-- Installing: /home/jkw/bopt_ws/install/bopt_description/share/bopt_description/meshes/visual/Base.STL
-- Installing: /home/jkw/bopt_ws/install/bopt_description/share/bopt_description/meshes/visual/fork wheel shaft.STL
-- Installing: /home/jkw/bopt_ws/install/bopt_description/share/bopt_description/meshes/visual/Fork frant wheel 85X 110.STL
-- Installing: /home/jkw/bopt_ws/install/bopt_description/share/bopt_description/meshes/visual/driving wheel 1.STL
-- Up-to-date: /home/jkw/bopt_ws/install/bopt_description/share/bopt_description/rviz
-- Up-to-date: /home/jkw/bopt_ws/install/bopt_description/share/bopt_description/config
-- Up-to-date: /home/jkw/bopt_ws/install/bopt_description/share/ament_index/resource_index/package_run_dependencies/bopt_description
-- Up-to-date: /home/jkw/bopt_ws/install/bopt_description/share/ament_index/resource_index/parent_prefix_path/bopt_description
-- Up-to-date: /home/jkw/bopt_ws/install/bopt_description/share/bopt_description/environment/ament_prefix_path.sh
-- Up-to-date: /home/jkw/bopt_ws/install/bopt_description/share/bopt_description/environment/ament_prefix_path.dsv
-- Up-to-date: /home/jkw/bopt_ws/install/bopt_description/share/bopt_description/environment/path.sh
-- Up-to-date: /home/jkw/bopt_ws/install/bopt_description/share/bopt_description/environment/path.dsv
-- Up-to-date: /home/jkw/bopt_ws/install/bopt_description/share/bopt_description/local_setup.bash
-- Up-to-date: /home/jkw/bopt_ws/install/bopt_description/share/bopt_description/local_setup.sh
-- Up-to-date: /home/jkw/bopt_ws/install/bopt_description/share/bopt_description/local_setup.zsh
-- Up-to-date: /home/jkw/bopt_ws/install/bopt_description/share/bopt_description/local_setup.dsv
-- Up-to-date: /home/jkw/bopt_ws/install/bopt_description/share/bopt_description/package.dsv
-- Up-to-date: /home/jkw/bopt_ws/install/bopt_description/share/ament_index/resource_index/packages/bopt_description
-- Up-to-date: /home/jkw/bopt_ws/install/bopt_description/share/bopt_description/cmake/bopt_descriptionConfig.cmake
-- Up-to-date: /home/jkw/bopt_ws/install/bopt_description/share/bopt_description/cmake/bopt_descriptionConfig-version.cmake
-- Up-to-date: /home/jkw/bopt_ws/install/bopt_description/share/bopt_description/package.xml
