[0.256s] Invoking command in '/home/jkw/bopt_ws/src/bopt_controller': PYTHONPATH=/home/jkw/bopt_ws/build/bopt_controller/prefix_override:/usr/lib/python3/dist-packages/colcon_core/task/python/colcon_distutils_commands:/home/jkw/bopt_ws/install/bopt_controller/lib/python3.10/site-packages:${PYTHONPATH} /usr/bin/python3 -W ignore:setup.py install is deprecated -W ignore:easy_install command is deprecated setup.py egg_info --egg-base ../../build/bopt_controller build --build-base /home/jkw/bopt_ws/build/bopt_controller/build install --record /home/jkw/bopt_ws/build/bopt_controller/install.log --install-scripts $base/lib/bopt_controller --single-version-externally-managed install_data
[0.349s] running egg_info
[0.350s] writing ../../build/bopt_controller/bopt_controller.egg-info/PKG-INFO
[0.350s] writing dependency_links to ../../build/bopt_controller/bopt_controller.egg-info/dependency_links.txt
[0.350s] writing entry points to ../../build/bopt_controller/bopt_controller.egg-info/entry_points.txt
[0.350s] writing requirements to ../../build/bopt_controller/bopt_controller.egg-info/requires.txt
[0.350s] writing top-level names to ../../build/bopt_controller/bopt_controller.egg-info/top_level.txt
[0.351s] reading manifest file '../../build/bopt_controller/bopt_controller.egg-info/SOURCES.txt'
[0.351s] writing manifest file '../../build/bopt_controller/bopt_controller.egg-info/SOURCES.txt'
[0.351s] running build
[0.351s] running build_py
[0.351s] copying bopt_controller/teleop_keyboard.py -> /home/jkw/bopt_ws/build/bopt_controller/build/lib/bopt_controller
[0.351s] running install
[0.351s] running install_lib
[0.352s] copying /home/jkw/bopt_ws/build/bopt_controller/build/lib/bopt_controller/teleop_keyboard.py -> /home/jkw/bopt_ws/install/bopt_controller/lib/python3.10/site-packages/bopt_controller
[0.352s] byte-compiling /home/jkw/bopt_ws/install/bopt_controller/lib/python3.10/site-packages/bopt_controller/teleop_keyboard.py to teleop_keyboard.cpython-310.pyc
[0.352s] running install_data
[0.352s] running install_egg_info
[0.353s] removing '/home/jkw/bopt_ws/install/bopt_controller/lib/python3.10/site-packages/bopt_controller-0.0.1-py3.10.egg-info' (and everything under it)
[0.353s] Copying ../../build/bopt_controller/bopt_controller.egg-info to /home/jkw/bopt_ws/install/bopt_controller/lib/python3.10/site-packages/bopt_controller-0.0.1-py3.10.egg-info
[0.353s] running install_scripts
[0.362s] Installing robot_controller script to /home/jkw/bopt_ws/install/bopt_controller/lib/bopt_controller
[0.362s] Installing teleop_keyboard script to /home/jkw/bopt_ws/install/bopt_controller/lib/bopt_controller
[0.363s] writing list of installed files to '/home/jkw/bopt_ws/build/bopt_controller/install.log'
[0.374s] Invoked command in '/home/jkw/bopt_ws/src/bopt_controller' returned '0': PYTHONPATH=/home/jkw/bopt_ws/build/bopt_controller/prefix_override:/usr/lib/python3/dist-packages/colcon_core/task/python/colcon_distutils_commands:/home/jkw/bopt_ws/install/bopt_controller/lib/python3.10/site-packages:${PYTHONPATH} /usr/bin/python3 -W ignore:setup.py install is deprecated -W ignore:easy_install command is deprecated setup.py egg_info --egg-base ../../build/bopt_controller build --build-base /home/jkw/bopt_ws/build/bopt_controller/build install --record /home/jkw/bopt_ws/build/bopt_controller/install.log --install-scripts $base/lib/bopt_controller --single-version-externally-managed install_data
