[0.004s] Invoking command in '/home/jkw/bopt_ws/build/bopt_description': CMAKE_PREFIX_PATH=/opt/ros/humble /usr/bin/cmake /home/jkw/bopt_ws/src/bopt_description -DCMAKE_INSTALL_PREFIX=/home/jkw/bopt_ws/install/bopt_description
[0.028s] -- The C compiler identification is GNU 11.4.0
[0.049s] -- The CXX compiler identification is GNU 11.4.0
[0.052s] -- Detecting C compiler ABI info
[0.078s] -- Detecting C compiler ABI info - done
[0.081s] -- Check for working C compiler: /usr/bin/cc - skipped
[0.081s] -- Detecting C compile features
[0.082s] -- Detecting C compile features - done
[0.083s] -- Detecting CXX compiler ABI info
[0.112s] -- Detecting CXX compiler ABI info - done
[0.115s] -- Check for working CXX compiler: /usr/bin/c++ - skipped
[0.115s] -- Detecting CXX compile features
[0.115s] -- Detecting CXX compile features - done
[0.116s] -- Found ament_cmake: 1.3.14 (/opt/ros/humble/share/ament_cmake/cmake)
[0.178s] -- Found Python3: /usr/bin/python3 (found version "3.10.12") found components: Interpreter 
[0.211s] -- Found ament_lint_auto: 0.12.15 (/opt/ros/humble/share/ament_lint_auto/cmake)
[0.241s] -- Added test 'lint_cmake' to check CMake code style
[0.241s] -- Added test 'xmllint' to check XML markup files
[0.241s] -- Configuring done
[0.242s] -- Generating done
[0.243s] -- Build files have been written to: /home/jkw/bopt_ws/build/bopt_description
[0.245s] Invoked command in '/home/jkw/bopt_ws/build/bopt_description' returned '0': CMAKE_PREFIX_PATH=/opt/ros/humble /usr/bin/cmake /home/jkw/bopt_ws/src/bopt_description -DCMAKE_INSTALL_PREFIX=/home/jkw/bopt_ws/install/bopt_description
[0.246s] Invoking command in '/home/jkw/bopt_ws/build/bopt_description': CMAKE_PREFIX_PATH=/opt/ros/humble /usr/bin/cmake --build /home/jkw/bopt_ws/build/bopt_description -- -j32 -l32
[0.259s] Invoked command in '/home/jkw/bopt_ws/build/bopt_description' returned '0': CMAKE_PREFIX_PATH=/opt/ros/humble /usr/bin/cmake --build /home/jkw/bopt_ws/build/bopt_description -- -j32 -l32
[0.262s] Invoking command in '/home/jkw/bopt_ws/build/bopt_description': CMAKE_PREFIX_PATH=/opt/ros/humble /usr/bin/cmake --install /home/jkw/bopt_ws/build/bopt_description
[0.265s] -- Install configuration: ""
[0.265s] -- Installing: /home/jkw/bopt_ws/install/bopt_description/share/ament_index/resource_index/package_run_dependencies/bopt_description
[0.265s] -- Installing: /home/jkw/bopt_ws/install/bopt_description/share/ament_index/resource_index/parent_prefix_path/bopt_description
[0.265s] -- Installing: /home/jkw/bopt_ws/install/bopt_description/share/bopt_description/environment/ament_prefix_path.sh
[0.265s] -- Installing: /home/jkw/bopt_ws/install/bopt_description/share/bopt_description/environment/ament_prefix_path.dsv
[0.265s] -- Installing: /home/jkw/bopt_ws/install/bopt_description/share/bopt_description/environment/path.sh
[0.265s] -- Installing: /home/jkw/bopt_ws/install/bopt_description/share/bopt_description/environment/path.dsv
[0.265s] -- Installing: /home/jkw/bopt_ws/install/bopt_description/share/bopt_description/local_setup.bash
[0.265s] -- Installing: /home/jkw/bopt_ws/install/bopt_description/share/bopt_description/local_setup.sh
[0.265s] -- Installing: /home/jkw/bopt_ws/install/bopt_description/share/bopt_description/local_setup.zsh
[0.265s] -- Installing: /home/jkw/bopt_ws/install/bopt_description/share/bopt_description/local_setup.dsv
[0.265s] -- Installing: /home/jkw/bopt_ws/install/bopt_description/share/bopt_description/package.dsv
[0.265s] -- Installing: /home/jkw/bopt_ws/install/bopt_description/share/ament_index/resource_index/packages/bopt_description
[0.265s] -- Installing: /home/jkw/bopt_ws/install/bopt_description/share/bopt_description/cmake/bopt_descriptionConfig.cmake
[0.265s] -- Installing: /home/jkw/bopt_ws/install/bopt_description/share/bopt_description/cmake/bopt_descriptionConfig-version.cmake
[0.265s] -- Installing: /home/jkw/bopt_ws/install/bopt_description/share/bopt_description/package.xml
[0.266s] Invoked command in '/home/jkw/bopt_ws/build/bopt_description' returned '0': CMAKE_PREFIX_PATH=/opt/ros/humble /usr/bin/cmake --install /home/jkw/bopt_ws/build/bopt_description
